[
 {
  "RuleID": "openai-api-key",
  "Description": "Found an OpenAI API Key, posing a risk of unauthorized access to AI services and data manipulation.",
  "StartLine": 1,
  "EndLine": 1,
  "StartColumn": 46,
  "EndColumn": 209,
  "Match": "REDACTED",
  "Secret": "REDACTED",
  "File": ".authinfo",
  "SymlinkFile": "",
  "Commit": "f73124fdffab4758b33502f119a3e8e2f873a49b",
  "Link": "https://github.com/eapolinario/dotfiles/blob/f73124fdffab4758b33502f119a3e8e2f873a49b/.authinfo#L1",
  "Entropy": 5.5973415,
  "Author": "eduardo apolinario",
  "Email": "eapolinario@users.noreply.github.com",
  "Date": "2025-05-15T14:55:08Z",
  "Message": "feat: add authinfo file\n\nThis commit adds a new .authinfo file to the\nproject. This file contains the API keys for\naccessing various services, including OpenAI,\nGoogle Generative Language, Deepseek, and\nAnthropic.\n\nSigned-off-by: Eduardo Apolinario \u003ceapolinario@users.noreply.github.com\u003e",
  "Tags": [],
  "Fingerprint": "f73124fdffab4758b33502f119a3e8e2f873a49b:.authinfo:openai-api-key:1"
 },
 {
  "RuleID": "gcp-api-key",
  "Description": "Uncovered a GCP API key, which could lead to unauthorized access to Google Cloud services and data breaches.",
  "StartLine": 2,
  "EndLine": 2,
  "StartColumn": 66,
  "EndColumn": 104,
  "Match": "REDACTED",
  "Secret": "REDACTED",
  "File": ".authinfo",
  "SymlinkFile": "",
  "Commit": "f73124fdffab4758b33502f119a3e8e2f873a49b",
  "Link": "https://github.com/eapolinario/dotfiles/blob/f73124fdffab4758b33502f119a3e8e2f873a49b/.authinfo#L2",
  "Entropy": 4.875146,
  "Author": "eduardo apolinario",
  "Email": "eapolinario@users.noreply.github.com",
  "Date": "2025-05-15T14:55:08Z",
  "Message": "feat: add authinfo file\n\nThis commit adds a new .authinfo file to the\nproject. This file contains the API keys for\naccessing various services, including OpenAI,\nGoogle Generative Language, Deepseek, and\nAnthropic.\n\nSigned-off-by: Eduardo Apolinario \u003ceapolinario@users.noreply.github.com\u003e",
  "Tags": [],
  "Fingerprint": "f73124fdffab4758b33502f119a3e8e2f873a49b:.authinfo:gcp-api-key:2"
 },
 {
  "RuleID": "openai-api-key",
  "Description": "Found an OpenAI API Key, posing a risk of unauthorized access to AI services and data manipulation.",
  "StartLine": 140,
  "EndLine": 140,
  "StartColumn": 29,
  "EndColumn": 193,
  "Match": "REDACTED\"",
  "Secret": "REDACTED",
  "File": "doom/config.el",
  "SymlinkFile": "",
  "Commit": "ab72068e05b1f619b8344280cbab302d99442a92",
  "Link": "https://github.com/eapolinario/dotfiles/blob/ab72068e05b1f619b8344280cbab302d99442a92/doom/config.el#L140",
  "Entropy": 5.5973415,
  "Author": "eduardo apolinario",
  "Email": "eapolinario@users.noreply.github.com",
  "Date": "2025-05-13T22:23:44Z",
  "Message": "refactor(org-config): Clean up commented out org configuration\n\nRemoved deprecated org-related configurations and\ncomments to streamline the setup. This cleans up\nunnecessary clutter and potential confusion in the\nconfig file.\n\nSigned-off-by: Eduardo Apolinario \u003ceapolinario@users.noreply.github.com\u003e",
  "Tags": [],
  "Fingerprint": "ab72068e05b1f619b8344280cbab302d99442a92:doom/config.el:openai-api-key:140"
 },
 {
  "RuleID": "gcp-api-key",
  "Description": "Uncovered a GCP API key, which could lead to unauthorized access to Google Cloud services and data breaches.",
  "StartLine": 142,
  "EndLine": 142,
  "StartColumn": 15,
  "EndColumn": 54,
  "Match": "REDACTED\"",
  "Secret": "REDACTED",
  "File": "doom/config.el",
  "SymlinkFile": "",
  "Commit": "ab72068e05b1f619b8344280cbab302d99442a92",
  "Link": "https://github.com/eapolinario/dotfiles/blob/ab72068e05b1f619b8344280cbab302d99442a92/doom/config.el#L142",
  "Entropy": 4.7725816,
  "Author": "eduardo apolinario",
  "Email": "eapolinario@users.noreply.github.com",
  "Date": "2025-05-13T22:23:44Z",
  "Message": "refactor(org-config): Clean up commented out org configuration\n\nRemoved deprecated org-related configurations and\ncomments to streamline the setup. This cleans up\nunnecessary clutter and potential confusion in the\nconfig file.\n\nSigned-off-by: Eduardo Apolinario \u003ceapolinario@users.noreply.github.com\u003e",
  "Tags": [],
  "Fingerprint": "ab72068e05b1f619b8344280cbab302d99442a92:doom/config.el:gcp-api-key:142"
 },
 {
  "RuleID": "openai-api-key",
  "Description": "Found an OpenAI API Key, posing a risk of unauthorized access to AI services and data manipulation.",
  "StartLine": 308,
  "EndLine": 308,
  "StartColumn": 26,
  "EndColumn": 190,
  "Match": "REDACTED\"",
  "Secret": "REDACTED",
  "File": "doom-emacs/.doom.d/config.el",
  "SymlinkFile": "",
  "Commit": "e768cf60f489bef9a694dcad2c17e83459c69a2b",
  "Link": "https://github.com/eapolinario/dotfiles/blob/e768cf60f489bef9a694dcad2c17e83459c69a2b/doom-emacs/.doom.d/config.el#L308",
  "Entropy": 5.5973415,
  "Author": "Eduardo Apolinario",
  "Email": "eapolinario@users.noreply.github.com",
  "Date": "2025-04-11T19:08:24Z",
  "Message": "Final updates - remember to scrub/rotate the keys in the future\n\nSigned-off-by: Eduardo Apolinario \u003ceapolinario@users.noreply.github.com\u003e",
  "Tags": [],
  "Fingerprint": "e768cf60f489bef9a694dcad2c17e83459c69a2b:doom-emacs/.doom.d/config.el:openai-api-key:308"
 },
 {
  "RuleID": "gcp-api-key",
  "Description": "Uncovered a GCP API key, which could lead to unauthorized access to Google Cloud services and data breaches.",
  "StartLine": 310,
  "EndLine": 310,
  "StartColumn": 12,
  "EndColumn": 51,
  "Match": "REDACTED\"",
  "Secret": "REDACTED",
  "File": "doom-emacs/.doom.d/config.el",
  "SymlinkFile": "",
  "Commit": "e768cf60f489bef9a694dcad2c17e83459c69a2b",
  "Link": "https://github.com/eapolinario/dotfiles/blob/e768cf60f489bef9a694dcad2c17e83459c69a2b/doom-emacs/.doom.d/config.el#L310",
  "Entropy": 4.7725816,
  "Author": "Eduardo Apolinario",
  "Email": "eapolinario@users.noreply.github.com",
  "Date": "2025-04-11T19:08:24Z",
  "Message": "Final updates - remember to scrub/rotate the keys in the future\n\nSigned-off-by: Eduardo Apolinario \u003ceapolinario@users.noreply.github.com\u003e",
  "Tags": [],
  "Fingerprint": "e768cf60f489bef9a694dcad2c17e83459c69a2b:doom-emacs/.doom.d/config.el:gcp-api-key:310"
 },
 {
  "RuleID": "openai-api-key",
  "Description": "Found an OpenAI API Key, posing a risk of unauthorized access to AI services and data manipulation.",
  "StartLine": 298,
  "EndLine": 298,
  "StartColumn": 26,
  "EndColumn": 77,
  "Match": "REDACTED\"",
  "Secret": "REDACTED",
  "File": "doom-emacs/.doom.d/config.el",
  "SymlinkFile": "",
  "Commit": "1d63635bf1dad4c867a94438167f7cc4101a7e48",
  "Link": "https://github.com/eapolinario/dotfiles/blob/1d63635bf1dad4c867a94438167f7cc4101a7e48/doom-emacs/.doom.d/config.el#L298",
  "Entropy": 4.9317503,
  "Author": "Eduardo Apolinario",
  "Email": "eapolinario@users.noreply.github.com",
  "Date": "2024-03-03T17:46:14Z",
  "Message": "Add a bunch of updates\n\nSigned-off-by: Eduardo Apolinario \u003ceapolinario@users.noreply.github.com\u003e",
  "Tags": [],
  "Fingerprint": "1d63635bf1dad4c867a94438167f7cc4101a7e48:doom-emacs/.doom.d/config.el:openai-api-key:298"
 },
 {
  "RuleID": "curl-auth-header",
  "Description": "Discovered a potential authorization token provided in a curl command header, which could compromise the curl accessed resource.",
  "StartLine": 7913,
  "EndLine": 7918,
  "StartColumn": 32,
  "EndColumn": 230,
  "Match": "curl/bin --version\n: 1573512270:0;sudo /usr/local/opt/curl/bin --version\n: 1573512285:0;/usr/local/opt/curl/bin/curl\n: 1573512287:0;/usr/local/opt/curl/bin/curl --version\n: 1573512635:0;scp eapolinario-onebox.dev.ln:/etc/ssl/certs/ca-certificates.crt /tmp/\n: 1573512693:0;/usr/local/opt/curl/bin/curl -d \"partner_user_id=000000000\u0026partner_transaction_id=50a8b195-63d4-4bd7-a2ed-cbaf327e1cb2\u0026partner_points_amount=200\" -vvv -X POST -H \"x-api-key:REDACTED\"",
  "Secret": "REDACTED",
  "File": "source_files/.zsh_history",
  "SymlinkFile": "",
  "Commit": "f4b99e7acd9aaaba89fec4848dc854583f134f5d",
  "Link": "https://github.com/eapolinario/dotfiles/blob/f4b99e7acd9aaaba89fec4848dc854583f134f5d/source_files/.zsh_history#L7913-L7918",
  "Entropy": 4.621928,
  "Author": "eapolinario",
  "Email": "eapolinario@lyft.com",
  "Date": "2020-02-10T02:13:15Z",
  "Message": "add zsh dotfiles",
  "Tags": [],
  "Fingerprint": "f4b99e7acd9aaaba89fec4848dc854583f134f5d:source_files/.zsh_history:curl-auth-header:7913"
 },
 {
  "RuleID": "curl-auth-header",
  "Description": "Discovered a potential authorization token provided in a curl command header, which could compromise the curl accessed resource.",
  "StartLine": 7919,
  "EndLine": 7919,
  "StartColumn": 32,
  "EndColumn": 230,
  "Match": "curl/bin/curl -d \"partner_user_id=000000000\u0026partner_transaction_id=50a8b195-63d4-4bd7-a2ed-cbaf327e1cb2\u0026partner_points_amount=200\" -vvv -X POST -H \"x-api-key:REDACTED\"",
  "Secret": "REDACTED",
  "File": "source_files/.zsh_history",
  "SymlinkFile": "",
  "Commit": "f4b99e7acd9aaaba89fec4848dc854583f134f5d",
  "Link": "https://github.com/eapolinario/dotfiles/blob/f4b99e7acd9aaaba89fec4848dc854583f134f5d/source_files/.zsh_history#L7919",
  "Entropy": 4.621928,
  "Author": "eapolinario",
  "Email": "eapolinario@lyft.com",
  "Date": "2020-02-10T02:13:15Z",
  "Message": "add zsh dotfiles",
  "Tags": [],
  "Fingerprint": "f4b99e7acd9aaaba89fec4848dc854583f134f5d:source_files/.zsh_history:curl-auth-header:7919"
 },
 {
  "RuleID": "curl-auth-header",
  "Description": "Discovered a potential authorization token provided in a curl command header, which could compromise the curl accessed resource.",
  "StartLine": 7920,
  "EndLine": 7920,
  "StartColumn": 32,
  "EndColumn": 230,
  "Match": "curl/bin/curl -d \"partner_user_id=000000000\u0026partner_transaction_id=50a8b195-63d4-4bd7-a2ed-cbaf327e1cb2\u0026partner_points_amount=200\" -vvv -X POST -H \"x-api-key:REDACTED\"",
  "Secret": "REDACTED",
  "File": "source_files/.zsh_history",
  "SymlinkFile": "",
  "Commit": "f4b99e7acd9aaaba89fec4848dc854583f134f5d",
  "Link": "https://github.com/eapolinario/dotfiles/blob/f4b99e7acd9aaaba89fec4848dc854583f134f5d/source_files/.zsh_history#L7920",
  "Entropy": 4.621928,
  "Author": "eapolinario",
  "Email": "eapolinario@lyft.com",
  "Date": "2020-02-10T02:13:15Z",
  "Message": "add zsh dotfiles",
  "Tags": [],
  "Fingerprint": "f4b99e7acd9aaaba89fec4848dc854583f134f5d:source_files/.zsh_history:curl-auth-header:7920"
 },
 {
  "RuleID": "curl-auth-header",
  "Description": "Discovered a potential authorization token provided in a curl command header, which could compromise the curl accessed resource.",
  "StartLine": 7921,
  "EndLine": 7921,
  "StartColumn": 17,
  "EndColumn": 206,
  "Match": "curl -d \"partner_user_id=000000000\u0026partner_transaction_id=50a8b195-63d4-4bd7-a2ed-cbaf327e1cb2\u0026partner_points_amount=200\" -vvv -X POST -H \"x-api-key:REDACTED\"",
  "Secret": "REDACTED",
  "File": "source_files/.zsh_history",
  "SymlinkFile": "",
  "Commit": "f4b99e7acd9aaaba89fec4848dc854583f134f5d",
  "Link": "https://github.com/eapolinario/dotfiles/blob/f4b99e7acd9aaaba89fec4848dc854583f134f5d/source_files/.zsh_history#L7921",
  "Entropy": 4.621928,
  "Author": "eapolinario",
  "Email": "eapolinario@lyft.com",
  "Date": "2020-02-10T02:13:15Z",
  "Message": "add zsh dotfiles",
  "Tags": [],
  "Fingerprint": "f4b99e7acd9aaaba89fec4848dc854583f134f5d:source_files/.zsh_history:curl-auth-header:7921"
 },
 {
  "RuleID": "generic-api-key",
  "Description": "Detected a Generic API Key, potentially exposing access to various services and sensitive operations.",
  "StartLine": 7918,
  "EndLine": 7918,
  "StartColumn": 180,
  "EndColumn": 230,
  "Match": "x-api-key:REDACTED\"",
  "Secret": "REDACTED",
  "File": "source_files/.zsh_history",
  "SymlinkFile": "",
  "Commit": "f4b99e7acd9aaaba89fec4848dc854583f134f5d",
  "Link": "https://github.com/eapolinario/dotfiles/blob/f4b99e7acd9aaaba89fec4848dc854583f134f5d/source_files/.zsh_history#L7918",
  "Entropy": 4.621928,
  "Author": "eapolinario",
  "Email": "eapolinario@lyft.com",
  "Date": "2020-02-10T02:13:15Z",
  "Message": "add zsh dotfiles",
  "Tags": [],
  "Fingerprint": "f4b99e7acd9aaaba89fec4848dc854583f134f5d:source_files/.zsh_history:generic-api-key:7918"
 },
 {
  "RuleID": "sourcegraph-access-token",
  "Description": "Sourcegraph is a code search and navigation engine.",
  "StartLine": 269,
  "EndLine": 269,
  "StartColumn": 28,
  "EndColumn": 67,
  "Match": "REDACTED",
  "Secret": "REDACTED",
  "File": "source_files/.zsh_history",
  "SymlinkFile": "",
  "Commit": "f4b99e7acd9aaaba89fec4848dc854583f134f5d",
  "Link": "https://github.com/eapolinario/dotfiles/blob/f4b99e7acd9aaaba89fec4848dc854583f134f5d/source_files/.zsh_history#L269",
  "Entropy": 3.6841838,
  "Author": "eapolinario",
  "Email": "eapolinario@lyft.com",
  "Date": "2020-02-10T02:13:15Z",
  "Message": "add zsh dotfiles",
  "Tags": [],
  "Fingerprint": "f4b99e7acd9aaaba89fec4848dc854583f134f5d:source_files/.zsh_history:sourcegraph-access-token:269"
 },
 {
  "RuleID": "sourcegraph-access-token",
  "Description": "Sourcegraph is a code search and navigation engine.",
  "StartLine": 555,
  "EndLine": 555,
  "StartColumn": 28,
  "EndColumn": 67,
  "Match": "REDACTED",
  "Secret": "REDACTED",
  "File": "source_files/.zsh_history",
  "SymlinkFile": "",
  "Commit": "f4b99e7acd9aaaba89fec4848dc854583f134f5d",
  "Link": "https://github.com/eapolinario/dotfiles/blob/f4b99e7acd9aaaba89fec4848dc854583f134f5d/source_files/.zsh_history#L555",
  "Entropy": 3.6659572,
  "Author": "eapolinario",
  "Email": "eapolinario@lyft.com",
  "Date": "2020-02-10T02:13:15Z",
  "Message": "add zsh dotfiles",
  "Tags": [],
  "Fingerprint": "f4b99e7acd9aaaba89fec4848dc854583f134f5d:source_files/.zsh_history:sourcegraph-access-token:555"
 },
 {
  "RuleID": "sourcegraph-access-token",
  "Description": "Sourcegraph is a code search and navigation engine.",
  "StartLine": 557,
  "EndLine": 557,
  "StartColumn": 33,
  "EndColumn": 72,
  "Match": "REDACTED",
  "Secret": "REDACTED",
  "File": "source_files/.zsh_history",
  "SymlinkFile": "",
  "Commit": "f4b99e7acd9aaaba89fec4848dc854583f134f5d",
  "Link": "https://github.com/eapolinario/dotfiles/blob/f4b99e7acd9aaaba89fec4848dc854583f134f5d/source_files/.zsh_history#L557",
  "Entropy": 3.6659572,
  "Author": "eapolinario",
  "Email": "eapolinario@lyft.com",
  "Date": "2020-02-10T02:13:15Z",
  "Message": "add zsh dotfiles",
  "Tags": [],
  "Fingerprint": "f4b99e7acd9aaaba89fec4848dc854583f134f5d:source_files/.zsh_history:sourcegraph-access-token:557"
 },
 {
  "RuleID": "sourcegraph-access-token",
  "Description": "Sourcegraph is a code search and navigation engine.",
  "StartLine": 561,
  "EndLine": 561,
  "StartColumn": 33,
  "EndColumn": 72,
  "Match": "REDACTED",
  "Secret": "REDACTED",
  "File": "source_files/.zsh_history",
  "SymlinkFile": "",
  "Commit": "f4b99e7acd9aaaba89fec4848dc854583f134f5d",
  "Link": "https://github.com/eapolinario/dotfiles/blob/f4b99e7acd9aaaba89fec4848dc854583f134f5d/source_files/.zsh_history#L561",
  "Entropy": 3.6837833,
  "Author": "eapolinario",
  "Email": "eapolinario@lyft.com",
  "Date": "2020-02-10T02:13:15Z",
  "Message": "add zsh dotfiles",
  "Tags": [],
  "Fingerprint": "f4b99e7acd9aaaba89fec4848dc854583f134f5d:source_files/.zsh_history:sourcegraph-access-token:561"
 },
 {
  "RuleID": "sourcegraph-access-token",
  "Description": "Sourcegraph is a code search and navigation engine.",
  "StartLine": 565,
  "EndLine": 565,
  "StartColumn": 33,
  "EndColumn": 72,
  "Match": "REDACTED",
  "Secret": "REDACTED",
  "File": "source_files/.zsh_history",
  "SymlinkFile": "",
  "Commit": "f4b99e7acd9aaaba89fec4848dc854583f134f5d",
  "Link": "https://github.com/eapolinario/dotfiles/blob/f4b99e7acd9aaaba89fec4848dc854583f134f5d/source_files/.zsh_history#L565",
  "Entropy": 3.7537017,
  "Author": "eapolinario",
  "Email": "eapolinario@lyft.com",
  "Date": "2020-02-10T02:13:15Z",
  "Message": "add zsh dotfiles",
  "Tags": [],
  "Fingerprint": "f4b99e7acd9aaaba89fec4848dc854583f134f5d:source_files/.zsh_history:sourcegraph-access-token:565"
 },
 {
  "RuleID": "sourcegraph-access-token",
  "Description": "Sourcegraph is a code search and navigation engine.",
  "StartLine": 568,
  "EndLine": 568,
  "StartColumn": 28,
  "EndColumn": 67,
  "Match": "REDACTED",
  "Secret": "REDACTED",
  "File": "source_files/.zsh_history",
  "SymlinkFile": "",
  "Commit": "f4b99e7acd9aaaba89fec4848dc854583f134f5d",
  "Link": "https://github.com/eapolinario/dotfiles/blob/f4b99e7acd9aaaba89fec4848dc854583f134f5d/source_files/.zsh_history#L568",
  "Entropy": 3.7537017,
  "Author": "eapolinario",
  "Email": "eapolinario@lyft.com",
  "Date": "2020-02-10T02:13:15Z",
  "Message": "add zsh dotfiles",
  "Tags": [],
  "Fingerprint": "f4b99e7acd9aaaba89fec4848dc854583f134f5d:source_files/.zsh_history:sourcegraph-access-token:568"
 },
 {
  "RuleID": "sourcegraph-access-token",
  "Description": "Sourcegraph is a code search and navigation engine.",
  "StartLine": 573,
  "EndLine": 573,
  "StartColumn": 26,
  "EndColumn": 65,
  "Match": "REDACTED",
  "Secret": "REDACTED",
  "File": "source_files/.zsh_history",
  "SymlinkFile": "",
  "Commit": "f4b99e7acd9aaaba89fec4848dc854583f134f5d",
  "Link": "https://github.com/eapolinario/dotfiles/blob/f4b99e7acd9aaaba89fec4848dc854583f134f5d/source_files/.zsh_history#L573",
  "Entropy": 3.6061983,
  "Author": "eapolinario",
  "Email": "eapolinario@lyft.com",
  "Date": "2020-02-10T02:13:15Z",
  "Message": "add zsh dotfiles",
  "Tags": [],
  "Fingerprint": "f4b99e7acd9aaaba89fec4848dc854583f134f5d:source_files/.zsh_history:sourcegraph-access-token:573"
 },
 {
  "RuleID": "sourcegraph-access-token",
  "Description": "Sourcegraph is a code search and navigation engine.",
  "StartLine": 574,
  "EndLine": 574,
  "StartColumn": 33,
  "EndColumn": 72,
  "Match": "REDACTED",
  "Secret": "REDACTED",
  "File": "source_files/.zsh_history",
  "SymlinkFile": "",
  "Commit": "f4b99e7acd9aaaba89fec4848dc854583f134f5d",
  "Link": "https://github.com/eapolinario/dotfiles/blob/f4b99e7acd9aaaba89fec4848dc854583f134f5d/source_files/.zsh_history#L574",
  "Entropy": 3.6061983,
  "Author": "eapolinario",
  "Email": "eapolinario@lyft.com",
  "Date": "2020-02-10T02:13:15Z",
  "Message": "add zsh dotfiles",
  "Tags": [],
  "Fingerprint": "f4b99e7acd9aaaba89fec4848dc854583f134f5d:source_files/.zsh_history:sourcegraph-access-token:574"
 },
 {
  "RuleID": "sourcegraph-access-token",
  "Description": "Sourcegraph is a code search and navigation engine.",
  "StartLine": 667,
  "EndLine": 667,
  "StartColumn": 34,
  "EndColumn": 73,
  "Match": "REDACTED",
  "Secret": "REDACTED",
  "File": "source_files/.zsh_history",
  "SymlinkFile": "",
  "Commit": "f4b99e7acd9aaaba89fec4848dc854583f134f5d",
  "Link": "https://github.com/eapolinario/dotfiles/blob/f4b99e7acd9aaaba89fec4848dc854583f134f5d/source_files/.zsh_history#L667",
  "Entropy": 3.5495818,
  "Author": "eapolinario",
  "Email": "eapolinario@lyft.com",
  "Date": "2020-02-10T02:13:15Z",
  "Message": "add zsh dotfiles",
  "Tags": [],
  "Fingerprint": "f4b99e7acd9aaaba89fec4848dc854583f134f5d:source_files/.zsh_history:sourcegraph-access-token:667"
 },
 {
  "RuleID": "sourcegraph-access-token",
  "Description": "Sourcegraph is a code search and navigation engine.",
  "StartLine": 694,
  "EndLine": 694,
  "StartColumn": 34,
  "EndColumn": 73,
  "Match": "REDACTED",
  "Secret": "REDACTED",
  "File": "source_files/.zsh_history",
  "SymlinkFile": "",
  "Commit": "f4b99e7acd9aaaba89fec4848dc854583f134f5d",
  "Link": "https://github.com/eapolinario/dotfiles/blob/f4b99e7acd9aaaba89fec4848dc854583f134f5d/source_files/.zsh_history#L694",
  "Entropy": 3.7037017,
  "Author": "eapolinario",
  "Email": "eapolinario@lyft.com",
  "Date": "2020-02-10T02:13:15Z",
  "Message": "add zsh dotfiles",
  "Tags": [],
  "Fingerprint": "f4b99e7acd9aaaba89fec4848dc854583f134f5d:source_files/.zsh_history:sourcegraph-access-token:694"
 },
 {
  "RuleID": "sourcegraph-access-token",
  "Description": "Sourcegraph is a code search and navigation engine.",
  "StartLine": 695,
  "EndLine": 695,
  "StartColumn": 34,
  "EndColumn": 73,
  "Match": "REDACTED",
  "Secret": "REDACTED",
  "File": "source_files/.zsh_history",
  "SymlinkFile": "",
  "Commit": "f4b99e7acd9aaaba89fec4848dc854583f134f5d",
  "Link": "https://github.com/eapolinario/dotfiles/blob/f4b99e7acd9aaaba89fec4848dc854583f134f5d/source_files/.zsh_history#L695",
  "Entropy": 3.63628,
  "Author": "eapolinario",
  "Email": "eapolinario@lyft.com",
  "Date": "2020-02-10T02:13:15Z",
  "Message": "add zsh dotfiles",
  "Tags": [],
  "Fingerprint": "f4b99e7acd9aaaba89fec4848dc854583f134f5d:source_files/.zsh_history:sourcegraph-access-token:695"
 },
 {
  "RuleID": "sourcegraph-access-token",
  "Description": "Sourcegraph is a code search and navigation engine.",
  "StartLine": 2168,
  "EndLine": 2168,
  "StartColumn": 26,
  "EndColumn": 65,
  "Match": "REDACTED",
  "Secret": "REDACTED",
  "File": "source_files/.zsh_history",
  "SymlinkFile": "",
  "Commit": "f4b99e7acd9aaaba89fec4848dc854583f134f5d",
  "Link": "https://github.com/eapolinario/dotfiles/blob/f4b99e7acd9aaaba89fec4848dc854583f134f5d/source_files/.zsh_history#L2168",
  "Entropy": 3.7939427,
  "Author": "eapolinario",
  "Email": "eapolinario@lyft.com",
  "Date": "2020-02-10T02:13:15Z",
  "Message": "add zsh dotfiles",
  "Tags": [],
  "Fingerprint": "f4b99e7acd9aaaba89fec4848dc854583f134f5d:source_files/.zsh_history:sourcegraph-access-token:2168"
 },
 {
  "RuleID": "sourcegraph-access-token",
  "Description": "Sourcegraph is a code search and navigation engine.",
  "StartLine": 2512,
  "EndLine": 2512,
  "StartColumn": 26,
  "EndColumn": 65,
  "Match": "REDACTED",
  "Secret": "REDACTED",
  "File": "source_files/.zsh_history",
  "SymlinkFile": "",
  "Commit": "f4b99e7acd9aaaba89fec4848dc854583f134f5d",
  "Link": "https://github.com/eapolinario/dotfiles/blob/f4b99e7acd9aaaba89fec4848dc854583f134f5d/source_files/.zsh_history#L2512",
  "Entropy": 3.6348295,
  "Author": "eapolinario",
  "Email": "eapolinario@lyft.com",
  "Date": "2020-02-10T02:13:15Z",
  "Message": "add zsh dotfiles",
  "Tags": [],
  "Fingerprint": "f4b99e7acd9aaaba89fec4848dc854583f134f5d:source_files/.zsh_history:sourcegraph-access-token:2512"
 },
 {
  "RuleID": "sourcegraph-access-token",
  "Description": "Sourcegraph is a code search and navigation engine.",
  "StartLine": 2850,
  "EndLine": 2850,
  "StartColumn": 39,
  "EndColumn": 79,
  "Match": "REDACTED\"",
  "Secret": "REDACTED",
  "File": "source_files/.zsh_history",
  "SymlinkFile": "",
  "Commit": "f4b99e7acd9aaaba89fec4848dc854583f134f5d",
  "Link": "https://github.com/eapolinario/dotfiles/blob/f4b99e7acd9aaaba89fec4848dc854583f134f5d/source_files/.zsh_history#L2850",
  "Entropy": 3.5841837,
  "Author": "eapolinario",
  "Email": "eapolinario@lyft.com",
  "Date": "2020-02-10T02:13:15Z",
  "Message": "add zsh dotfiles",
  "Tags": [],
  "Fingerprint": "f4b99e7acd9aaaba89fec4848dc854583f134f5d:source_files/.zsh_history:sourcegraph-access-token:2850"
 },
 {
  "RuleID": "sourcegraph-access-token",
  "Description": "Sourcegraph is a code search and navigation engine.",
  "StartLine": 2851,
  "EndLine": 2851,
  "StartColumn": 34,
  "EndColumn": 74,
  "Match": "REDACTED\"",
  "Secret": "REDACTED",
  "File": "source_files/.zsh_history",
  "SymlinkFile": "",
  "Commit": "f4b99e7acd9aaaba89fec4848dc854583f134f5d",
  "Link": "https://github.com/eapolinario/dotfiles/blob/f4b99e7acd9aaaba89fec4848dc854583f134f5d/source_files/.zsh_history#L2851",
  "Entropy": 3.5841837,
  "Author": "eapolinario",
  "Email": "eapolinario@lyft.com",
  "Date": "2020-02-10T02:13:15Z",
  "Message": "add zsh dotfiles",
  "Tags": [],
  "Fingerprint": "f4b99e7acd9aaaba89fec4848dc854583f134f5d:source_files/.zsh_history:sourcegraph-access-token:2851"
 },
 {
  "RuleID": "sourcegraph-access-token",
  "Description": "Sourcegraph is a code search and navigation engine.",
  "StartLine": 3062,
  "EndLine": 3062,
  "StartColumn": 26,
  "EndColumn": 65,
  "Match": "REDACTED",
  "Secret": "REDACTED",
  "File": "source_files/.zsh_history",
  "SymlinkFile": "",
  "Commit": "f4b99e7acd9aaaba89fec4848dc854583f134f5d",
  "Link": "https://github.com/eapolinario/dotfiles/blob/f4b99e7acd9aaaba89fec4848dc854583f134f5d/source_files/.zsh_history#L3062",
  "Entropy": 3.7561984,
  "Author": "eapolinario",
  "Email": "eapolinario@lyft.com",
  "Date": "2020-02-10T02:13:15Z",
  "Message": "add zsh dotfiles",
  "Tags": [],
  "Fingerprint": "f4b99e7acd9aaaba89fec4848dc854583f134f5d:source_files/.zsh_history:sourcegraph-access-token:3062"
 },
 {
  "RuleID": "sourcegraph-access-token",
  "Description": "Sourcegraph is a code search and navigation engine.",
  "StartLine": 3063,
  "EndLine": 3063,
  "StartColumn": 28,
  "EndColumn": 67,
  "Match": "REDACTED",
  "Secret": "REDACTED",
  "File": "source_files/.zsh_history",
  "SymlinkFile": "",
  "Commit": "f4b99e7acd9aaaba89fec4848dc854583f134f5d",
  "Link": "https://github.com/eapolinario/dotfiles/blob/f4b99e7acd9aaaba89fec4848dc854583f134f5d/source_files/.zsh_history#L3063",
  "Entropy": 3.7561984,
  "Author": "eapolinario",
  "Email": "eapolinario@lyft.com",
  "Date": "2020-02-10T02:13:15Z",
  "Message": "add zsh dotfiles",
  "Tags": [],
  "Fingerprint": "f4b99e7acd9aaaba89fec4848dc854583f134f5d:source_files/.zsh_history:sourcegraph-access-token:3063"
 },
 {
  "RuleID": "sourcegraph-access-token",
  "Description": "Sourcegraph is a code search and navigation engine.",
  "StartLine": 3077,
  "EndLine": 3077,
  "StartColumn": 26,
  "EndColumn": 65,
  "Match": "REDACTED",
  "Secret": "REDACTED",
  "File": "source_files/.zsh_history",
  "SymlinkFile": "",
  "Commit": "f4b99e7acd9aaaba89fec4848dc854583f134f5d",
  "Link": "https://github.com/eapolinario/dotfiles/blob/f4b99e7acd9aaaba89fec4848dc854583f134f5d/source_files/.zsh_history#L3077",
  "Entropy": 3.658695,
  "Author": "eapolinario",
  "Email": "eapolinario@lyft.com",
  "Date": "2020-02-10T02:13:15Z",
  "Message": "add zsh dotfiles",
  "Tags": [],
  "Fingerprint": "f4b99e7acd9aaaba89fec4848dc854583f134f5d:source_files/.zsh_history:sourcegraph-access-token:3077"
 },
 {
  "RuleID": "sourcegraph-access-token",
  "Description": "Sourcegraph is a code search and navigation engine.",
  "StartLine": 3087,
  "EndLine": 3087,
  "StartColumn": 26,
  "EndColumn": 65,
  "Match": "REDACTED",
  "Secret": "REDACTED",
  "File": "source_files/.zsh_history",
  "SymlinkFile": "",
  "Commit": "f4b99e7acd9aaaba89fec4848dc854583f134f5d",
  "Link": "https://github.com/eapolinario/dotfiles/blob/f4b99e7acd9aaaba89fec4848dc854583f134f5d/source_files/.zsh_history#L3087",
  "Entropy": 3.658695,
  "Author": "eapolinario",
  "Email": "eapolinario@lyft.com",
  "Date": "2020-02-10T02:13:15Z",
  "Message": "add zsh dotfiles",
  "Tags": [],
  "Fingerprint": "f4b99e7acd9aaaba89fec4848dc854583f134f5d:source_files/.zsh_history:sourcegraph-access-token:3087"
 },
 {
  "RuleID": "sourcegraph-access-token",
  "Description": "Sourcegraph is a code search and navigation engine.",
  "StartLine": 3088,
  "EndLine": 3088,
  "StartColumn": 33,
  "EndColumn": 72,
  "Match": "REDACTED",
  "Secret": "REDACTED",
  "File": "source_files/.zsh_history",
  "SymlinkFile": "",
  "Commit": "f4b99e7acd9aaaba89fec4848dc854583f134f5d",
  "Link": "https://github.com/eapolinario/dotfiles/blob/f4b99e7acd9aaaba89fec4848dc854583f134f5d/source_files/.zsh_history#L3088",
  "Entropy": 3.658695,
  "Author": "eapolinario",
  "Email": "eapolinario@lyft.com",
  "Date": "2020-02-10T02:13:15Z",
  "Message": "add zsh dotfiles",
  "Tags": [],
  "Fingerprint": "f4b99e7acd9aaaba89fec4848dc854583f134f5d:source_files/.zsh_history:sourcegraph-access-token:3088"
 },
 {
  "RuleID": "sourcegraph-access-token",
  "Description": "Sourcegraph is a code search and navigation engine.",
  "StartLine": 3143,
  "EndLine": 3143,
  "StartColumn": 55,
  "EndColumn": 94,
  "Match": "REDACTED",
  "Secret": "REDACTED",
  "File": "source_files/.zsh_history",
  "SymlinkFile": "",
  "Commit": "f4b99e7acd9aaaba89fec4848dc854583f134f5d",
  "Link": "https://github.com/eapolinario/dotfiles/blob/f4b99e7acd9aaaba89fec4848dc854583f134f5d/source_files/.zsh_history#L3143",
  "Entropy": 3.7898228,
  "Author": "eapolinario",
  "Email": "eapolinario@lyft.com",
  "Date": "2020-02-10T02:13:15Z",
  "Message": "add zsh dotfiles",
  "Tags": [],
  "Fingerprint": "f4b99e7acd9aaaba89fec4848dc854583f134f5d:source_files/.zsh_history:sourcegraph-access-token:3143"
 },
 {
  "RuleID": "sourcegraph-access-token",
  "Description": "Sourcegraph is a code search and navigation engine.",
  "StartLine": 3199,
  "EndLine": 3199,
  "StartColumn": 55,
  "EndColumn": 94,
  "Match": "REDACTED",
  "Secret": "REDACTED",
  "File": "source_files/.zsh_history",
  "SymlinkFile": "",
  "Commit": "f4b99e7acd9aaaba89fec4848dc854583f134f5d",
  "Link": "https://github.com/eapolinario/dotfiles/blob/f4b99e7acd9aaaba89fec4848dc854583f134f5d/source_files/.zsh_history#L3199",
  "Entropy": 3.7898228,
  "Author": "eapolinario",
  "Email": "eapolinario@lyft.com",
  "Date": "2020-02-10T02:13:15Z",
  "Message": "add zsh dotfiles",
  "Tags": [],
  "Fingerprint": "f4b99e7acd9aaaba89fec4848dc854583f134f5d:source_files/.zsh_history:sourcegraph-access-token:3199"
 },
 {
  "RuleID": "sourcegraph-access-token",
  "Description": "Sourcegraph is a code search and navigation engine.",
  "StartLine": 3370,
  "EndLine": 3370,
  "StartColumn": 55,
  "EndColumn": 94,
  "Match": "REDACTED",
  "Secret": "REDACTED",
  "File": "source_files/.zsh_history",
  "SymlinkFile": "",
  "Commit": "f4b99e7acd9aaaba89fec4848dc854583f134f5d",
  "Link": "https://github.com/eapolinario/dotfiles/blob/f4b99e7acd9aaaba89fec4848dc854583f134f5d/source_files/.zsh_history#L3370",
  "Entropy": 3.8464394,
  "Author": "eapolinario",
  "Email": "eapolinario@lyft.com",
  "Date": "2020-02-10T02:13:15Z",
  "Message": "add zsh dotfiles",
  "Tags": [],
  "Fingerprint": "f4b99e7acd9aaaba89fec4848dc854583f134f5d:source_files/.zsh_history:sourcegraph-access-token:3370"
 },
 {
  "RuleID": "sourcegraph-access-token",
  "Description": "Sourcegraph is a code search and navigation engine.",
  "StartLine": 3747,
  "EndLine": 3747,
  "StartColumn": 28,
  "EndColumn": 67,
  "Match": "REDACTED",
  "Secret": "REDACTED",
  "File": "source_files/.zsh_history",
  "SymlinkFile": "",
  "Commit": "f4b99e7acd9aaaba89fec4848dc854583f134f5d",
  "Link": "https://github.com/eapolinario/dotfiles/blob/f4b99e7acd9aaaba89fec4848dc854583f134f5d/source_files/.zsh_history#L3747",
  "Entropy": 3.7275672,
  "Author": "eapolinario",
  "Email": "eapolinario@lyft.com",
  "Date": "2020-02-10T02:13:15Z",
  "Message": "add zsh dotfiles",
  "Tags": [],
  "Fingerprint": "f4b99e7acd9aaaba89fec4848dc854583f134f5d:source_files/.zsh_history:sourcegraph-access-token:3747"
 },
 {
  "RuleID": "sourcegraph-access-token",
  "Description": "Sourcegraph is a code search and navigation engine.",
  "StartLine": 3790,
  "EndLine": 3790,
  "StartColumn": 28,
  "EndColumn": 67,
  "Match": "REDACTED",
  "Secret": "REDACTED",
  "File": "source_files/.zsh_history",
  "SymlinkFile": "",
  "Commit": "f4b99e7acd9aaaba89fec4848dc854583f134f5d",
  "Link": "https://github.com/eapolinario/dotfiles/blob/f4b99e7acd9aaaba89fec4848dc854583f134f5d/source_files/.zsh_history#L3790",
  "Entropy": 3.8037016,
  "Author": "eapolinario",
  "Email": "eapolinario@lyft.com",
  "Date": "2020-02-10T02:13:15Z",
  "Message": "add zsh dotfiles",
  "Tags": [],
  "Fingerprint": "f4b99e7acd9aaaba89fec4848dc854583f134f5d:source_files/.zsh_history:sourcegraph-access-token:3790"
 },
 {
  "RuleID": "sourcegraph-access-token",
  "Description": "Sourcegraph is a code search and navigation engine.",
  "StartLine": 4155,
  "EndLine": 4155,
  "StartColumn": 28,
  "EndColumn": 67,
  "Match": "REDACTED",
  "Secret": "REDACTED",
  "File": "source_files/.zsh_history",
  "SymlinkFile": "",
  "Commit": "f4b99e7acd9aaaba89fec4848dc854583f134f5d",
  "Link": "https://github.com/eapolinario/dotfiles/blob/f4b99e7acd9aaaba89fec4848dc854583f134f5d/source_files/.zsh_history#L4155",
  "Entropy": 3.7995818,
  "Author": "eapolinario",
  "Email": "eapolinario@lyft.com",
  "Date": "2020-02-10T02:13:15Z",
  "Message": "add zsh dotfiles",
  "Tags": [],
  "Fingerprint": "f4b99e7acd9aaaba89fec4848dc854583f134f5d:source_files/.zsh_history:sourcegraph-access-token:4155"
 },
 {
  "RuleID": "sourcegraph-access-token",
  "Description": "Sourcegraph is a code search and navigation engine.",
  "StartLine": 4192,
  "EndLine": 4192,
  "StartColumn": 26,
  "EndColumn": 65,
  "Match": "REDACTED",
  "Secret": "REDACTED",
  "File": "source_files/.zsh_history",
  "SymlinkFile": "",
  "Commit": "f4b99e7acd9aaaba89fec4848dc854583f134f5d",
  "Link": "https://github.com/eapolinario/dotfiles/blob/f4b99e7acd9aaaba89fec4848dc854583f134f5d/source_files/.zsh_history#L4192",
  "Entropy": 3.908695,
  "Author": "eapolinario",
  "Email": "eapolinario@lyft.com",
  "Date": "2020-02-10T02:13:15Z",
  "Message": "add zsh dotfiles",
  "Tags": [],
  "Fingerprint": "f4b99e7acd9aaaba89fec4848dc854583f134f5d:source_files/.zsh_history:sourcegraph-access-token:4192"
 },
 {
  "RuleID": "sourcegraph-access-token",
  "Description": "Sourcegraph is a code search and navigation engine.",
  "StartLine": 4193,
  "EndLine": 4193,
  "StartColumn": 28,
  "EndColumn": 67,
  "Match": "REDACTED",
  "Secret": "REDACTED",
  "File": "source_files/.zsh_history",
  "SymlinkFile": "",
  "Commit": "f4b99e7acd9aaaba89fec4848dc854583f134f5d",
  "Link": "https://github.com/eapolinario/dotfiles/blob/f4b99e7acd9aaaba89fec4848dc854583f134f5d/source_files/.zsh_history#L4193",
  "Entropy": 3.908695,
  "Author": "eapolinario",
  "Email": "eapolinario@lyft.com",
  "Date": "2020-02-10T02:13:15Z",
  "Message": "add zsh dotfiles",
  "Tags": [],
  "Fingerprint": "f4b99e7acd9aaaba89fec4848dc854583f134f5d:source_files/.zsh_history:sourcegraph-access-token:4193"
 },
 {
  "RuleID": "sourcegraph-access-token",
  "Description": "Sourcegraph is a code search and navigation engine.",
  "StartLine": 4195,
  "EndLine": 4195,
  "StartColumn": 27,
  "EndColumn": 66,
  "Match": "REDACTED",
  "Secret": "REDACTED",
  "File": "source_files/.zsh_history",
  "SymlinkFile": "",
  "Commit": "f4b99e7acd9aaaba89fec4848dc854583f134f5d",
  "Link": "https://github.com/eapolinario/dotfiles/blob/f4b99e7acd9aaaba89fec4848dc854583f134f5d/source_files/.zsh_history#L4195",
  "Entropy": 3.908695,
  "Author": "eapolinario",
  "Email": "eapolinario@lyft.com",
  "Date": "2020-02-10T02:13:15Z",
  "Message": "add zsh dotfiles",
  "Tags": [],
  "Fingerprint": "f4b99e7acd9aaaba89fec4848dc854583f134f5d:source_files/.zsh_history:sourcegraph-access-token:4195"
 },
 {
  "RuleID": "sourcegraph-access-token",
  "Description": "Sourcegraph is a code search and navigation engine.",
  "StartLine": 4197,
  "EndLine": 4197,
  "StartColumn": 28,
  "EndColumn": 67,
  "Match": "REDACTED",
  "Secret": "REDACTED",
  "File": "source_files/.zsh_history",
  "SymlinkFile": "",
  "Commit": "f4b99e7acd9aaaba89fec4848dc854583f134f5d",
  "Link": "https://github.com/eapolinario/dotfiles/blob/f4b99e7acd9aaaba89fec4848dc854583f134f5d/source_files/.zsh_history#L4197",
  "Entropy": 3.908695,
  "Author": "eapolinario",
  "Email": "eapolinario@lyft.com",
  "Date": "2020-02-10T02:13:15Z",
  "Message": "add zsh dotfiles",
  "Tags": [],
  "Fingerprint": "f4b99e7acd9aaaba89fec4848dc854583f134f5d:source_files/.zsh_history:sourcegraph-access-token:4197"
 },
 {
  "RuleID": "sourcegraph-access-token",
  "Description": "Sourcegraph is a code search and navigation engine.",
  "StartLine": 4211,
  "EndLine": 4211,
  "StartColumn": 26,
  "EndColumn": 65,
  "Match": "REDACTED",
  "Secret": "REDACTED",
  "File": "source_files/.zsh_history",
  "SymlinkFile": "",
  "Commit": "f4b99e7acd9aaaba89fec4848dc854583f134f5d",
  "Link": "https://github.com/eapolinario/dotfiles/blob/f4b99e7acd9aaaba89fec4848dc854583f134f5d/source_files/.zsh_history#L4211",
  "Entropy": 3.8061984,
  "Author": "eapolinario",
  "Email": "eapolinario@lyft.com",
  "Date": "2020-02-10T02:13:15Z",
  "Message": "add zsh dotfiles",
  "Tags": [],
  "Fingerprint": "f4b99e7acd9aaaba89fec4848dc854583f134f5d:source_files/.zsh_history:sourcegraph-access-token:4211"
 },
 {
  "RuleID": "sourcegraph-access-token",
  "Description": "Sourcegraph is a code search and navigation engine.",
  "StartLine": 4703,
  "EndLine": 4703,
  "StartColumn": 26,
  "EndColumn": 65,
  "Match": "REDACTED",
  "Secret": "REDACTED",
  "File": "source_files/.zsh_history",
  "SymlinkFile": "",
  "Commit": "f4b99e7acd9aaaba89fec4848dc854583f134f5d",
  "Link": "https://github.com/eapolinario/dotfiles/blob/f4b99e7acd9aaaba89fec4848dc854583f134f5d/source_files/.zsh_history#L4703",
  "Entropy": 3.628213,
  "Author": "eapolinario",
  "Email": "eapolinario@lyft.com",
  "Date": "2020-02-10T02:13:15Z",
  "Message": "add zsh dotfiles",
  "Tags": [],
  "Fingerprint": "f4b99e7acd9aaaba89fec4848dc854583f134f5d:source_files/.zsh_history:sourcegraph-access-token:4703"
 },
 {
  "RuleID": "sourcegraph-access-token",
  "Description": "Sourcegraph is a code search and navigation engine.",
  "StartLine": 4736,
  "EndLine": 4736,
  "StartColumn": 50,
  "EndColumn": 89,
  "Match": "REDACTED",
  "Secret": "REDACTED",
  "File": "source_files/.zsh_history",
  "SymlinkFile": "",
  "Commit": "f4b99e7acd9aaaba89fec4848dc854583f134f5d",
  "Link": "https://github.com/eapolinario/dotfiles/blob/f4b99e7acd9aaaba89fec4848dc854583f134f5d/source_files/.zsh_history#L4736",
  "Entropy": 3.7159574,
  "Author": "eapolinario",
  "Email": "eapolinario@lyft.com",
  "Date": "2020-02-10T02:13:15Z",
  "Message": "add zsh dotfiles",
  "Tags": [],
  "Fingerprint": "f4b99e7acd9aaaba89fec4848dc854583f134f5d:source_files/.zsh_history:sourcegraph-access-token:4736"
 },
 {
  "RuleID": "sourcegraph-access-token",
  "Description": "Sourcegraph is a code search and navigation engine.",
  "StartLine": 4809,
  "EndLine": 4809,
  "StartColumn": 26,
  "EndColumn": 65,
  "Match": "REDACTED",
  "Secret": "REDACTED",
  "File": "source_files/.zsh_history",
  "SymlinkFile": "",
  "Commit": "f4b99e7acd9aaaba89fec4848dc854583f134f5d",
  "Link": "https://github.com/eapolinario/dotfiles/blob/f4b99e7acd9aaaba89fec4848dc854583f134f5d/source_files/.zsh_history#L4809",
  "Entropy": 3.608695,
  "Author": "eapolinario",
  "Email": "eapolinario@lyft.com",
  "Date": "2020-02-10T02:13:15Z",
  "Message": "add zsh dotfiles",
  "Tags": [],
  "Fingerprint": "f4b99e7acd9aaaba89fec4848dc854583f134f5d:source_files/.zsh_history:sourcegraph-access-token:4809"
 },
 {
  "RuleID": "sourcegraph-access-token",
  "Description": "Sourcegraph is a code search and navigation engine.",
  "StartLine": 4819,
  "EndLine": 4819,
  "StartColumn": 50,
  "EndColumn": 89,
  "Match": "REDACTED",
  "Secret": "REDACTED",
  "File": "source_files/.zsh_history",
  "SymlinkFile": "",
  "Commit": "f4b99e7acd9aaaba89fec4848dc854583f134f5d",
  "Link": "https://github.com/eapolinario/dotfiles/blob/f4b99e7acd9aaaba89fec4848dc854583f134f5d/source_files/.zsh_history#L4819",
  "Entropy": 3.768454,
  "Author": "eapolinario",
  "Email": "eapolinario@lyft.com",
  "Date": "2020-02-10T02:13:15Z",
  "Message": "add zsh dotfiles",
  "Tags": [],
  "Fingerprint": "f4b99e7acd9aaaba89fec4848dc854583f134f5d:source_files/.zsh_history:sourcegraph-access-token:4819"
 },
 {
  "RuleID": "sourcegraph-access-token",
  "Description": "Sourcegraph is a code search and navigation engine.",
  "StartLine": 4825,
  "EndLine": 4825,
  "StartColumn": 50,
  "EndColumn": 89,
  "Match": "REDACTED",
  "Secret": "REDACTED",
  "File": "source_files/.zsh_history",
  "SymlinkFile": "",
  "Commit": "f4b99e7acd9aaaba89fec4848dc854583f134f5d",
  "Link": "https://github.com/eapolinario/dotfiles/blob/f4b99e7acd9aaaba89fec4848dc854583f134f5d/source_files/.zsh_history#L4825",
  "Entropy": 3.762815,
  "Author": "eapolinario",
  "Email": "eapolinario@lyft.com",
  "Date": "2020-02-10T02:13:15Z",
  "Message": "add zsh dotfiles",
  "Tags": [],
  "Fingerprint": "f4b99e7acd9aaaba89fec4848dc854583f134f5d:source_files/.zsh_history:sourcegraph-access-token:4825"
 },
 {
  "RuleID": "sourcegraph-access-token",
  "Description": "Sourcegraph is a code search and navigation engine.",
  "StartLine": 4848,
  "EndLine": 4848,
  "StartColumn": 50,
  "EndColumn": 89,
  "Match": "REDACTED",
  "Secret": "REDACTED",
  "File": "source_files/.zsh_history",
  "SymlinkFile": "",
  "Commit": "f4b99e7acd9aaaba89fec4848dc854583f134f5d",
  "Link": "https://github.com/eapolinario/dotfiles/blob/f4b99e7acd9aaaba89fec4848dc854583f134f5d/source_files/.zsh_history#L4848",
  "Entropy": 3.4593408,
  "Author": "eapolinario",
  "Email": "eapolinario@lyft.com",
  "Date": "2020-02-10T02:13:15Z",
  "Message": "add zsh dotfiles",
  "Tags": [],
  "Fingerprint": "f4b99e7acd9aaaba89fec4848dc854583f134f5d:source_files/.zsh_history:sourcegraph-access-token:4848"
 },
 {
  "RuleID": "sourcegraph-access-token",
  "Description": "Sourcegraph is a code search and navigation engine.",
  "StartLine": 4859,
  "EndLine": 4859,
  "StartColumn": 50,
  "EndColumn": 89,
  "Match": "REDACTED",
  "Secret": "REDACTED",
  "File": "source_files/.zsh_history",
  "SymlinkFile": "",
  "Commit": "f4b99e7acd9aaaba89fec4848dc854583f134f5d",
  "Link": "https://github.com/eapolinario/dotfiles/blob/f4b99e7acd9aaaba89fec4848dc854583f134f5d/source_files/.zsh_history#L4859",
  "Entropy": 3.5898228,
  "Author": "eapolinario",
  "Email": "eapolinario@lyft.com",
  "Date": "2020-02-10T02:13:15Z",
  "Message": "add zsh dotfiles",
  "Tags": [],
  "Fingerprint": "f4b99e7acd9aaaba89fec4848dc854583f134f5d:source_files/.zsh_history:sourcegraph-access-token:4859"
 },
 {
  "RuleID": "sourcegraph-access-token",
  "Description": "Sourcegraph is a code search and navigation engine.",
  "StartLine": 4865,
  "EndLine": 4865,
  "StartColumn": 50,
  "EndColumn": 89,
  "Match": "REDACTED",
  "Secret": "REDACTED",
  "File": "source_files/.zsh_history",
  "SymlinkFile": "",
  "Commit": "f4b99e7acd9aaaba89fec4848dc854583f134f5d",
  "Link": "https://github.com/eapolinario/dotfiles/blob/f4b99e7acd9aaaba89fec4848dc854583f134f5d/source_files/.zsh_history#L4865",
  "Entropy": 3.618454,
  "Author": "eapolinario",
  "Email": "eapolinario@lyft.com",
  "Date": "2020-02-10T02:13:15Z",
  "Message": "add zsh dotfiles",
  "Tags": [],
  "Fingerprint": "f4b99e7acd9aaaba89fec4848dc854583f134f5d:source_files/.zsh_history:sourcegraph-access-token:4865"
 },
 {
  "RuleID": "sourcegraph-access-token",
  "Description": "Sourcegraph is a code search and navigation engine.",
  "StartLine": 4902,
  "EndLine": 4902,
  "StartColumn": 50,
  "EndColumn": 89,
  "Match": "REDACTED",
  "Secret": "REDACTED",
  "File": "source_files/.zsh_history",
  "SymlinkFile": "",
  "Commit": "f4b99e7acd9aaaba89fec4848dc854583f134f5d",
  "Link": "https://github.com/eapolinario/dotfiles/blob/f4b99e7acd9aaaba89fec4848dc854583f134f5d/source_files/.zsh_history#L4902",
  "Entropy": 3.4593408,
  "Author": "eapolinario",
  "Email": "eapolinario@lyft.com",
  "Date": "2020-02-10T02:13:15Z",
  "Message": "add zsh dotfiles",
  "Tags": [],
  "Fingerprint": "f4b99e7acd9aaaba89fec4848dc854583f134f5d:source_files/.zsh_history:sourcegraph-access-token:4902"
 },
 {
  "RuleID": "sourcegraph-access-token",
  "Description": "Sourcegraph is a code search and navigation engine.",
  "StartLine": 4908,
  "EndLine": 4908,
  "StartColumn": 34,
  "EndColumn": 73,
  "Match": "REDACTED",
  "Secret": "REDACTED",
  "File": "source_files/.zsh_history",
  "SymlinkFile": "",
  "Commit": "f4b99e7acd9aaaba89fec4848dc854583f134f5d",
  "Link": "https://github.com/eapolinario/dotfiles/blob/f4b99e7acd9aaaba89fec4848dc854583f134f5d/source_files/.zsh_history#L4908",
  "Entropy": 3.4337833,
  "Author": "eapolinario",
  "Email": "eapolinario@lyft.com",
  "Date": "2020-02-10T02:13:15Z",
  "Message": "add zsh dotfiles",
  "Tags": [],
  "Fingerprint": "f4b99e7acd9aaaba89fec4848dc854583f134f5d:source_files/.zsh_history:sourcegraph-access-token:4908"
 },
 {
  "RuleID": "sourcegraph-access-token",
  "Description": "Sourcegraph is a code search and navigation engine.",
  "StartLine": 4922,
  "EndLine": 4922,
  "StartColumn": 50,
  "EndColumn": 89,
  "Match": "REDACTED",
  "Secret": "REDACTED",
  "File": "source_files/.zsh_history",
  "SymlinkFile": "",
  "Commit": "f4b99e7acd9aaaba89fec4848dc854583f134f5d",
  "Link": "https://github.com/eapolinario/dotfiles/blob/f4b99e7acd9aaaba89fec4848dc854583f134f5d/source_files/.zsh_history#L4922",
  "Entropy": 3.4337833,
  "Author": "eapolinario",
  "Email": "eapolinario@lyft.com",
  "Date": "2020-02-10T02:13:15Z",
  "Message": "add zsh dotfiles",
  "Tags": [],
  "Fingerprint": "f4b99e7acd9aaaba89fec4848dc854583f134f5d:source_files/.zsh_history:sourcegraph-access-token:4922"
 },
 {
  "RuleID": "sourcegraph-access-token",
  "Description": "Sourcegraph is a code search and navigation engine.",
  "StartLine": 4946,
  "EndLine": 4946,
  "StartColumn": 50,
  "EndColumn": 89,
  "Match": "REDACTED",
  "Secret": "REDACTED",
  "File": "source_files/.zsh_history",
  "SymlinkFile": "",
  "Commit": "f4b99e7acd9aaaba89fec4848dc854583f134f5d",
  "Link": "https://github.com/eapolinario/dotfiles/blob/f4b99e7acd9aaaba89fec4848dc854583f134f5d/source_files/.zsh_history#L4946",
  "Entropy": 3.6970851,
  "Author": "eapolinario",
  "Email": "eapolinario@lyft.com",
  "Date": "2020-02-10T02:13:15Z",
  "Message": "add zsh dotfiles",
  "Tags": [],
  "Fingerprint": "f4b99e7acd9aaaba89fec4848dc854583f134f5d:source_files/.zsh_history:sourcegraph-access-token:4946"
 },
 {
  "RuleID": "sourcegraph-access-token",
  "Description": "Sourcegraph is a code search and navigation engine.",
  "StartLine": 5192,
  "EndLine": 5192,
  "StartColumn": 33,
  "EndColumn": 72,
  "Match": "REDACTED",
  "Secret": "REDACTED",
  "File": "source_files/.zsh_history",
  "SymlinkFile": "",
  "Commit": "f4b99e7acd9aaaba89fec4848dc854583f134f5d",
  "Link": "https://github.com/eapolinario/dotfiles/blob/f4b99e7acd9aaaba89fec4848dc854583f134f5d/source_files/.zsh_history#L5192",
  "Entropy": 3.678213,
  "Author": "eapolinario",
  "Email": "eapolinario@lyft.com",
  "Date": "2020-02-10T02:13:15Z",
  "Message": "add zsh dotfiles",
  "Tags": [],
  "Fingerprint": "f4b99e7acd9aaaba89fec4848dc854583f134f5d:source_files/.zsh_history:sourcegraph-access-token:5192"
 },
 {
  "RuleID": "sourcegraph-access-token",
  "Description": "Sourcegraph is a code search and navigation engine.",
  "StartLine": 5566,
  "EndLine": 5566,
  "StartColumn": 48,
  "EndColumn": 87,
  "Match": "REDACTED",
  "Secret": "REDACTED",
  "File": "source_files/.zsh_history",
  "SymlinkFile": "",
  "Commit": "f4b99e7acd9aaaba89fec4848dc854583f134f5d",
  "Link": "https://github.com/eapolinario/dotfiles/blob/f4b99e7acd9aaaba89fec4848dc854583f134f5d/source_files/.zsh_history#L5566",
  "Entropy": 3.8061984,
  "Author": "eapolinario",
  "Email": "eapolinario@lyft.com",
  "Date": "2020-02-10T02:13:15Z",
  "Message": "add zsh dotfiles",
  "Tags": [],
  "Fingerprint": "f4b99e7acd9aaaba89fec4848dc854583f134f5d:source_files/.zsh_history:sourcegraph-access-token:5566"
 },
 {
  "RuleID": "sourcegraph-access-token",
  "Description": "Sourcegraph is a code search and navigation engine.",
  "StartLine": 5571,
  "EndLine": 5571,
  "StartColumn": 48,
  "EndColumn": 87,
  "Match": "REDACTED",
  "Secret": "REDACTED",
  "File": "source_files/.zsh_history",
  "SymlinkFile": "",
  "Commit": "f4b99e7acd9aaaba89fec4848dc854583f134f5d",
  "Link": "https://github.com/eapolinario/dotfiles/blob/f4b99e7acd9aaaba89fec4848dc854583f134f5d/source_files/.zsh_history#L5571",
  "Entropy": 3.8709507,
  "Author": "eapolinario",
  "Email": "eapolinario@lyft.com",
  "Date": "2020-02-10T02:13:15Z",
  "Message": "add zsh dotfiles",
  "Tags": [],
  "Fingerprint": "f4b99e7acd9aaaba89fec4848dc854583f134f5d:source_files/.zsh_history:sourcegraph-access-token:5571"
 },
 {
  "RuleID": "sourcegraph-access-token",
  "Description": "Sourcegraph is a code search and navigation engine.",
  "StartLine": 5574,
  "EndLine": 5574,
  "StartColumn": 48,
  "EndColumn": 87,
  "Match": "REDACTED",
  "Secret": "REDACTED",
  "File": "source_files/.zsh_history",
  "SymlinkFile": "",
  "Commit": "f4b99e7acd9aaaba89fec4848dc854583f134f5d",
  "Link": "https://github.com/eapolinario/dotfiles/blob/f4b99e7acd9aaaba89fec4848dc854583f134f5d/source_files/.zsh_history#L5574",
  "Entropy": 3.658695,
  "Author": "eapolinario",
  "Email": "eapolinario@lyft.com",
  "Date": "2020-02-10T02:13:15Z",
  "Message": "add zsh dotfiles",
  "Tags": [],
  "Fingerprint": "f4b99e7acd9aaaba89fec4848dc854583f134f5d:source_files/.zsh_history:sourcegraph-access-token:5574"
 },
 {
  "RuleID": "sourcegraph-access-token",
  "Description": "Sourcegraph is a code search and navigation engine.",
  "StartLine": 5655,
  "EndLine": 5655,
  "StartColumn": 28,
  "EndColumn": 67,
  "Match": "REDACTED",
  "Secret": "REDACTED",
  "File": "source_files/.zsh_history",
  "SymlinkFile": "",
  "Commit": "f4b99e7acd9aaaba89fec4848dc854583f134f5d",
  "Link": "https://github.com/eapolinario/dotfiles/blob/f4b99e7acd9aaaba89fec4848dc854583f134f5d/source_files/.zsh_history#L5655",
  "Entropy": 3.6435423,
  "Author": "eapolinario",
  "Email": "eapolinario@lyft.com",
  "Date": "2020-02-10T02:13:15Z",
  "Message": "add zsh dotfiles",
  "Tags": [],
  "Fingerprint": "f4b99e7acd9aaaba89fec4848dc854583f134f5d:source_files/.zsh_history:sourcegraph-access-token:5655"
 },
 {
  "RuleID": "sourcegraph-access-token",
  "Description": "Sourcegraph is a code search and navigation engine.",
  "StartLine": 5656,
  "EndLine": 5656,
  "StartColumn": 28,
  "EndColumn": 67,
  "Match": "REDACTED",
  "Secret": "REDACTED",
  "File": "source_files/.zsh_history",
  "SymlinkFile": "",
  "Commit": "f4b99e7acd9aaaba89fec4848dc854583f134f5d",
  "Link": "https://github.com/eapolinario/dotfiles/blob/f4b99e7acd9aaaba89fec4848dc854583f134f5d/source_files/.zsh_history#L5656",
  "Entropy": 3.458695,
  "Author": "eapolinario",
  "Email": "eapolinario@lyft.com",
  "Date": "2020-02-10T02:13:15Z",
  "Message": "add zsh dotfiles",
  "Tags": [],
  "Fingerprint": "f4b99e7acd9aaaba89fec4848dc854583f134f5d:source_files/.zsh_history:sourcegraph-access-token:5656"
 },
 {
  "RuleID": "sourcegraph-access-token",
  "Description": "Sourcegraph is a code search and navigation engine.",
  "StartLine": 5928,
  "EndLine": 5928,
  "StartColumn": 28,
  "EndColumn": 67,
  "Match": "REDACTED",
  "Secret": "REDACTED",
  "File": "source_files/.zsh_history",
  "SymlinkFile": "",
  "Commit": "f4b99e7acd9aaaba89fec4848dc854583f134f5d",
  "Link": "https://github.com/eapolinario/dotfiles/blob/f4b99e7acd9aaaba89fec4848dc854583f134f5d/source_files/.zsh_history#L5928",
  "Entropy": 3.7348294,
  "Author": "eapolinario",
  "Email": "eapolinario@lyft.com",
  "Date": "2020-02-10T02:13:15Z",
  "Message": "add zsh dotfiles",
  "Tags": [],
  "Fingerprint": "f4b99e7acd9aaaba89fec4848dc854583f134f5d:source_files/.zsh_history:sourcegraph-access-token:5928"
 },
 {
  "RuleID": "sourcegraph-access-token",
  "Description": "Sourcegraph is a code search and navigation engine.",
  "StartLine": 5949,
  "EndLine": 5949,
  "StartColumn": 50,
  "EndColumn": 89,
  "Match": "REDACTED",
  "Secret": "REDACTED",
  "File": "source_files/.zsh_history",
  "SymlinkFile": "",
  "Commit": "f4b99e7acd9aaaba89fec4848dc854583f134f5d",
  "Link": "https://github.com/eapolinario/dotfiles/blob/f4b99e7acd9aaaba89fec4848dc854583f134f5d/source_files/.zsh_history#L5949",
  "Entropy": 3.6296635,
  "Author": "eapolinario",
  "Email": "eapolinario@lyft.com",
  "Date": "2020-02-10T02:13:15Z",
  "Message": "add zsh dotfiles",
  "Tags": [],
  "Fingerprint": "f4b99e7acd9aaaba89fec4848dc854583f134f5d:source_files/.zsh_history:sourcegraph-access-token:5949"
 },
 {
  "RuleID": "sourcegraph-access-token",
  "Description": "Sourcegraph is a code search and navigation engine.",
  "StartLine": 5992,
  "EndLine": 5992,
  "StartColumn": 34,
  "EndColumn": 73,
  "Match": "REDACTED",
  "Secret": "REDACTED",
  "File": "source_files/.zsh_history",
  "SymlinkFile": "",
  "Commit": "f4b99e7acd9aaaba89fec4848dc854583f134f5d",
  "Link": "https://github.com/eapolinario/dotfiles/blob/f4b99e7acd9aaaba89fec4848dc854583f134f5d/source_files/.zsh_history#L5992",
  "Entropy": 3.596039,
  "Author": "eapolinario",
  "Email": "eapolinario@lyft.com",
  "Date": "2020-02-10T02:13:15Z",
  "Message": "add zsh dotfiles",
  "Tags": [],
  "Fingerprint": "f4b99e7acd9aaaba89fec4848dc854583f134f5d:source_files/.zsh_history:sourcegraph-access-token:5992"
 },
 {
  "RuleID": "sourcegraph-access-token",
  "Description": "Sourcegraph is a code search and navigation engine.",
  "StartLine": 6012,
  "EndLine": 6012,
  "StartColumn": 28,
  "EndColumn": 67,
  "Match": "REDACTED",
  "Secret": "REDACTED",
  "File": "source_files/.zsh_history",
  "SymlinkFile": "",
  "Commit": "f4b99e7acd9aaaba89fec4848dc854583f134f5d",
  "Link": "https://github.com/eapolinario/dotfiles/blob/f4b99e7acd9aaaba89fec4848dc854583f134f5d/source_files/.zsh_history#L6012",
  "Entropy": 3.7348294,
  "Author": "eapolinario",
  "Email": "eapolinario@lyft.com",
  "Date": "2020-02-10T02:13:15Z",
  "Message": "add zsh dotfiles",
  "Tags": [],
  "Fingerprint": "f4b99e7acd9aaaba89fec4848dc854583f134f5d:source_files/.zsh_history:sourcegraph-access-token:6012"
 },
 {
  "RuleID": "sourcegraph-access-token",
  "Description": "Sourcegraph is a code search and navigation engine.",
  "StartLine": 6056,
  "EndLine": 6056,
  "StartColumn": 28,
  "EndColumn": 67,
  "Match": "REDACTED",
  "Secret": "REDACTED",
  "File": "source_files/.zsh_history",
  "SymlinkFile": "",
  "Commit": "f4b99e7acd9aaaba89fec4848dc854583f134f5d",
  "Link": "https://github.com/eapolinario/dotfiles/blob/f4b99e7acd9aaaba89fec4848dc854583f134f5d/source_files/.zsh_history#L6056",
  "Entropy": 3.7398229,
  "Author": "eapolinario",
  "Email": "eapolinario@lyft.com",
  "Date": "2020-02-10T02:13:15Z",
  "Message": "add zsh dotfiles",
  "Tags": [],
  "Fingerprint": "f4b99e7acd9aaaba89fec4848dc854583f134f5d:source_files/.zsh_history:sourcegraph-access-token:6056"
 },
 {
  "RuleID": "sourcegraph-access-token",
  "Description": "Sourcegraph is a code search and navigation engine.",
  "StartLine": 6066,
  "EndLine": 6066,
  "StartColumn": 50,
  "EndColumn": 89,
  "Match": "REDACTED",
  "Secret": "REDACTED",
  "File": "source_files/.zsh_history",
  "SymlinkFile": "",
  "Commit": "f4b99e7acd9aaaba89fec4848dc854583f134f5d",
  "Link": "https://github.com/eapolinario/dotfiles/blob/f4b99e7acd9aaaba89fec4848dc854583f134f5d/source_files/.zsh_history#L6066",
  "Entropy": 3.6337833,
  "Author": "eapolinario",
  "Email": "eapolinario@lyft.com",
  "Date": "2020-02-10T02:13:15Z",
  "Message": "add zsh dotfiles",
  "Tags": [],
  "Fingerprint": "f4b99e7acd9aaaba89fec4848dc854583f134f5d:source_files/.zsh_history:sourcegraph-access-token:6066"
 },
 {
  "RuleID": "sourcegraph-access-token",
  "Description": "Sourcegraph is a code search and navigation engine.",
  "StartLine": 6080,
  "EndLine": 6080,
  "StartColumn": 50,
  "EndColumn": 89,
  "Match": "REDACTED",
  "Secret": "REDACTED",
  "File": "source_files/.zsh_history",
  "SymlinkFile": "",
  "Commit": "f4b99e7acd9aaaba89fec4848dc854583f134f5d",
  "Link": "https://github.com/eapolinario/dotfiles/blob/f4b99e7acd9aaaba89fec4848dc854583f134f5d/source_files/.zsh_history#L6080",
  "Entropy": 3.7037017,
  "Author": "eapolinario",
  "Email": "eapolinario@lyft.com",
  "Date": "2020-02-10T02:13:15Z",
  "Message": "add zsh dotfiles",
  "Tags": [],
  "Fingerprint": "f4b99e7acd9aaaba89fec4848dc854583f134f5d:source_files/.zsh_history:sourcegraph-access-token:6080"
 },
 {
  "RuleID": "sourcegraph-access-token",
  "Description": "Sourcegraph is a code search and navigation engine.",
  "StartLine": 6095,
  "EndLine": 6095,
  "StartColumn": 50,
  "EndColumn": 89,
  "Match": "REDACTED",
  "Secret": "REDACTED",
  "File": "source_files/.zsh_history",
  "SymlinkFile": "",
  "Commit": "f4b99e7acd9aaaba89fec4848dc854583f134f5d",
  "Link": "https://github.com/eapolinario/dotfiles/blob/f4b99e7acd9aaaba89fec4848dc854583f134f5d/source_files/.zsh_history#L6095",
  "Entropy": 3.7037017,
  "Author": "eapolinario",
  "Email": "eapolinario@lyft.com",
  "Date": "2020-02-10T02:13:15Z",
  "Message": "add zsh dotfiles",
  "Tags": [],
  "Fingerprint": "f4b99e7acd9aaaba89fec4848dc854583f134f5d:source_files/.zsh_history:sourcegraph-access-token:6095"
 },
 {
  "RuleID": "sourcegraph-access-token",
  "Description": "Sourcegraph is a code search and navigation engine.",
  "StartLine": 6109,
  "EndLine": 6109,
  "StartColumn": 28,
  "EndColumn": 67,
  "Match": "REDACTED",
  "Secret": "REDACTED",
  "File": "source_files/.zsh_history",
  "SymlinkFile": "",
  "Commit": "f4b99e7acd9aaaba89fec4848dc854583f134f5d",
  "Link": "https://github.com/eapolinario/dotfiles/blob/f4b99e7acd9aaaba89fec4848dc854583f134f5d/source_files/.zsh_history#L6109",
  "Entropy": 3.8841836,
  "Author": "eapolinario",
  "Email": "eapolinario@lyft.com",
  "Date": "2020-02-10T02:13:15Z",
  "Message": "add zsh dotfiles",
  "Tags": [],
  "Fingerprint": "f4b99e7acd9aaaba89fec4848dc854583f134f5d:source_files/.zsh_history:sourcegraph-access-token:6109"
 },
 {
  "RuleID": "sourcegraph-access-token",
  "Description": "Sourcegraph is a code search and navigation engine.",
  "StartLine": 6350,
  "EndLine": 6350,
  "StartColumn": 26,
  "EndColumn": 65,
  "Match": "REDACTED",
  "Secret": "REDACTED",
  "File": "source_files/.zsh_history",
  "SymlinkFile": "",
  "Commit": "f4b99e7acd9aaaba89fec4848dc854583f134f5d",
  "Link": "https://github.com/eapolinario/dotfiles/blob/f4b99e7acd9aaaba89fec4848dc854583f134f5d/source_files/.zsh_history#L6350",
  "Entropy": 3.837326,
  "Author": "eapolinario",
  "Email": "eapolinario@lyft.com",
  "Date": "2020-02-10T02:13:15Z",
  "Message": "add zsh dotfiles",
  "Tags": [],
  "Fingerprint": "f4b99e7acd9aaaba89fec4848dc854583f134f5d:source_files/.zsh_history:sourcegraph-access-token:6350"
 },
 {
  "RuleID": "sourcegraph-access-token",
  "Description": "Sourcegraph is a code search and navigation engine.",
  "StartLine": 6629,
  "EndLine": 6629,
  "StartColumn": 53,
  "EndColumn": 92,
  "Match": "REDACTED",
  "Secret": "REDACTED",
  "File": "source_files/.zsh_history",
  "SymlinkFile": "",
  "Commit": "f4b99e7acd9aaaba89fec4848dc854583f134f5d",
  "Link": "https://github.com/eapolinario/dotfiles/blob/f4b99e7acd9aaaba89fec4848dc854583f134f5d/source_files/.zsh_history#L6629",
  "Entropy": 3.8841836,
  "Author": "eapolinario",
  "Email": "eapolinario@lyft.com",
  "Date": "2020-02-10T02:13:15Z",
  "Message": "add zsh dotfiles",
  "Tags": [],
  "Fingerprint": "f4b99e7acd9aaaba89fec4848dc854583f134f5d:source_files/.zsh_history:sourcegraph-access-token:6629"
 },
 {
  "RuleID": "sourcegraph-access-token",
  "Description": "Sourcegraph is a code search and navigation engine.",
  "StartLine": 6630,
  "EndLine": 6630,
  "StartColumn": 46,
  "EndColumn": 85,
  "Match": "REDACTED",
  "Secret": "REDACTED",
  "File": "source_files/.zsh_history",
  "SymlinkFile": "",
  "Commit": "f4b99e7acd9aaaba89fec4848dc854583f134f5d",
  "Link": "https://github.com/eapolinario/dotfiles/blob/f4b99e7acd9aaaba89fec4848dc854583f134f5d/source_files/.zsh_history#L6630",
  "Entropy": 3.8841836,
  "Author": "eapolinario",
  "Email": "eapolinario@lyft.com",
  "Date": "2020-02-10T02:13:15Z",
  "Message": "add zsh dotfiles",
  "Tags": [],
  "Fingerprint": "f4b99e7acd9aaaba89fec4848dc854583f134f5d:source_files/.zsh_history:sourcegraph-access-token:6630"
 },
 {
  "RuleID": "sourcegraph-access-token",
  "Description": "Sourcegraph is a code search and navigation engine.",
  "StartLine": 6640,
  "EndLine": 6640,
  "StartColumn": 46,
  "EndColumn": 85,
  "Match": "REDACTED",
  "Secret": "REDACTED",
  "File": "source_files/.zsh_history",
  "SymlinkFile": "",
  "Commit": "f4b99e7acd9aaaba89fec4848dc854583f134f5d",
  "Link": "https://github.com/eapolinario/dotfiles/blob/f4b99e7acd9aaaba89fec4848dc854583f134f5d/source_files/.zsh_history#L6640",
  "Entropy": 3.6439426,
  "Author": "eapolinario",
  "Email": "eapolinario@lyft.com",
  "Date": "2020-02-10T02:13:15Z",
  "Message": "add zsh dotfiles",
  "Tags": [],
  "Fingerprint": "f4b99e7acd9aaaba89fec4848dc854583f134f5d:source_files/.zsh_history:sourcegraph-access-token:6640"
 },
 {
  "RuleID": "sourcegraph-access-token",
  "Description": "Sourcegraph is a code search and navigation engine.",
  "StartLine": 6647,
  "EndLine": 6647,
  "StartColumn": 46,
  "EndColumn": 85,
  "Match": "REDACTED",
  "Secret": "REDACTED",
  "File": "source_files/.zsh_history",
  "SymlinkFile": "",
  "Commit": "f4b99e7acd9aaaba89fec4848dc854583f134f5d",
  "Link": "https://github.com/eapolinario/dotfiles/blob/f4b99e7acd9aaaba89fec4848dc854583f134f5d/source_files/.zsh_history#L6647",
  "Entropy": 3.8841836,
  "Author": "eapolinario",
  "Email": "eapolinario@lyft.com",
  "Date": "2020-02-10T02:13:15Z",
  "Message": "add zsh dotfiles",
  "Tags": [],
  "Fingerprint": "f4b99e7acd9aaaba89fec4848dc854583f134f5d:source_files/.zsh_history:sourcegraph-access-token:6647"
 },
 {
  "RuleID": "sourcegraph-access-token",
  "Description": "Sourcegraph is a code search and navigation engine.",
  "StartLine": 7129,
  "EndLine": 7129,
  "StartColumn": 26,
  "EndColumn": 65,
  "Match": "REDACTED",
  "Secret": "REDACTED",
  "File": "source_files/.zsh_history",
  "SymlinkFile": "",
  "Commit": "f4b99e7acd9aaaba89fec4848dc854583f134f5d",
  "Link": "https://github.com/eapolinario/dotfiles/blob/f4b99e7acd9aaaba89fec4848dc854583f134f5d/source_files/.zsh_history#L7129",
  "Entropy": 3.8561983,
  "Author": "eapolinario",
  "Email": "eapolinario@lyft.com",
  "Date": "2020-02-10T02:13:15Z",
  "Message": "add zsh dotfiles",
  "Tags": [],
  "Fingerprint": "f4b99e7acd9aaaba89fec4848dc854583f134f5d:source_files/.zsh_history:sourcegraph-access-token:7129"
 },
 {
  "RuleID": "sourcegraph-access-token",
  "Description": "Sourcegraph is a code search and navigation engine.",
  "StartLine": 7799,
  "EndLine": 7799,
  "StartColumn": 28,
  "EndColumn": 67,
  "Match": "REDACTED",
  "Secret": "REDACTED",
  "File": "source_files/.zsh_history",
  "SymlinkFile": "",
  "Commit": "f4b99e7acd9aaaba89fec4848dc854583f134f5d",
  "Link": "https://github.com/eapolinario/dotfiles/blob/f4b99e7acd9aaaba89fec4848dc854583f134f5d/source_files/.zsh_history#L7799",
  "Entropy": 3.5848296,
  "Author": "eapolinario",
  "Email": "eapolinario@lyft.com",
  "Date": "2020-02-10T02:13:15Z",
  "Message": "add zsh dotfiles",
  "Tags": [],
  "Fingerprint": "f4b99e7acd9aaaba89fec4848dc854583f134f5d:source_files/.zsh_history:sourcegraph-access-token:7799"
 },
 {
  "RuleID": "sourcegraph-access-token",
  "Description": "Sourcegraph is a code search and navigation engine.",
  "StartLine": 7800,
  "EndLine": 7800,
  "StartColumn": 28,
  "EndColumn": 67,
  "Match": "REDACTED",
  "Secret": "REDACTED",
  "File": "source_files/.zsh_history",
  "SymlinkFile": "",
  "Commit": "f4b99e7acd9aaaba89fec4848dc854583f134f5d",
  "Link": "https://github.com/eapolinario/dotfiles/blob/f4b99e7acd9aaaba89fec4848dc854583f134f5d/source_files/.zsh_history#L7800",
  "Entropy": 3.7439427,
  "Author": "eapolinario",
  "Email": "eapolinario@lyft.com",
  "Date": "2020-02-10T02:13:15Z",
  "Message": "add zsh dotfiles",
  "Tags": [],
  "Fingerprint": "f4b99e7acd9aaaba89fec4848dc854583f134f5d:source_files/.zsh_history:sourcegraph-access-token:7800"
 },
 {
  "RuleID": "sourcegraph-access-token",
  "Description": "Sourcegraph is a code search and navigation engine.",
  "StartLine": 7805,
  "EndLine": 7805,
  "StartColumn": 28,
  "EndColumn": 67,
  "Match": "REDACTED",
  "Secret": "REDACTED",
  "File": "source_files/.zsh_history",
  "SymlinkFile": "",
  "Commit": "f4b99e7acd9aaaba89fec4848dc854583f134f5d",
  "Link": "https://github.com/eapolinario/dotfiles/blob/f4b99e7acd9aaaba89fec4848dc854583f134f5d/source_files/.zsh_history#L7805",
  "Entropy": 3.5848296,
  "Author": "eapolinario",
  "Email": "eapolinario@lyft.com",
  "Date": "2020-02-10T02:13:15Z",
  "Message": "add zsh dotfiles",
  "Tags": [],
  "Fingerprint": "f4b99e7acd9aaaba89fec4848dc854583f134f5d:source_files/.zsh_history:sourcegraph-access-token:7805"
 },
 {
  "RuleID": "sourcegraph-access-token",
  "Description": "Sourcegraph is a code search and navigation engine.",
  "StartLine": 7807,
  "EndLine": 7807,
  "StartColumn": 28,
  "EndColumn": 67,
  "Match": "REDACTED",
  "Secret": "REDACTED",
  "File": "source_files/.zsh_history",
  "SymlinkFile": "",
  "Commit": "f4b99e7acd9aaaba89fec4848dc854583f134f5d",
  "Link": "https://github.com/eapolinario/dotfiles/blob/f4b99e7acd9aaaba89fec4848dc854583f134f5d/source_files/.zsh_history#L7807",
  "Entropy": 3.7439427,
  "Author": "eapolinario",
  "Email": "eapolinario@lyft.com",
  "Date": "2020-02-10T02:13:15Z",
  "Message": "add zsh dotfiles",
  "Tags": [],
  "Fingerprint": "f4b99e7acd9aaaba89fec4848dc854583f134f5d:source_files/.zsh_history:sourcegraph-access-token:7807"
 },
 {
  "RuleID": "sourcegraph-access-token",
  "Description": "Sourcegraph is a code search and navigation engine.",
  "StartLine": 7832,
  "EndLine": 7832,
  "StartColumn": 26,
  "EndColumn": 65,
  "Match": "REDACTED",
  "Secret": "REDACTED",
  "File": "source_files/.zsh_history",
  "SymlinkFile": "",
  "Commit": "f4b99e7acd9aaaba89fec4848dc854583f134f5d",
  "Link": "https://github.com/eapolinario/dotfiles/blob/f4b99e7acd9aaaba89fec4848dc854583f134f5d/source_files/.zsh_history#L7832",
  "Entropy": 3.7750704,
  "Author": "eapolinario",
  "Email": "eapolinario@lyft.com",
  "Date": "2020-02-10T02:13:15Z",
  "Message": "add zsh dotfiles",
  "Tags": [],
  "Fingerprint": "f4b99e7acd9aaaba89fec4848dc854583f134f5d:source_files/.zsh_history:sourcegraph-access-token:7832"
 },
 {
  "RuleID": "sourcegraph-access-token",
  "Description": "Sourcegraph is a code search and navigation engine.",
  "StartLine": 7833,
  "EndLine": 7833,
  "StartColumn": 26,
  "EndColumn": 66,
  "Match": "REDACTED ",
  "Secret": "REDACTED",
  "File": "source_files/.zsh_history",
  "SymlinkFile": "",
  "Commit": "f4b99e7acd9aaaba89fec4848dc854583f134f5d",
  "Link": "https://github.com/eapolinario/dotfiles/blob/f4b99e7acd9aaaba89fec4848dc854583f134f5d/source_files/.zsh_history#L7833",
  "Entropy": 3.7750704,
  "Author": "eapolinario",
  "Email": "eapolinario@lyft.com",
  "Date": "2020-02-10T02:13:15Z",
  "Message": "add zsh dotfiles",
  "Tags": [],
  "Fingerprint": "f4b99e7acd9aaaba89fec4848dc854583f134f5d:source_files/.zsh_history:sourcegraph-access-token:7833"
 },
 {
  "RuleID": "sourcegraph-access-token",
  "Description": "Sourcegraph is a code search and navigation engine.",
  "StartLine": 7983,
  "EndLine": 7983,
  "StartColumn": 26,
  "EndColumn": 65,
  "Match": "REDACTED",
  "Secret": "REDACTED",
  "File": "source_files/.zsh_history",
  "SymlinkFile": "",
  "Commit": "f4b99e7acd9aaaba89fec4848dc854583f134f5d",
  "Link": "https://github.com/eapolinario/dotfiles/blob/f4b99e7acd9aaaba89fec4848dc854583f134f5d/source_files/.zsh_history#L7983",
  "Entropy": 3.718454,
  "Author": "eapolinario",
  "Email": "eapolinario@lyft.com",
  "Date": "2020-02-10T02:13:15Z",
  "Message": "add zsh dotfiles",
  "Tags": [],
  "Fingerprint": "f4b99e7acd9aaaba89fec4848dc854583f134f5d:source_files/.zsh_history:sourcegraph-access-token:7983"
 },
 {
  "RuleID": "sourcegraph-access-token",
  "Description": "Sourcegraph is a code search and navigation engine.",
  "StartLine": 7984,
  "EndLine": 7984,
  "StartColumn": 26,
  "EndColumn": 65,
  "Match": "REDACTED",
  "Secret": "REDACTED",
  "File": "source_files/.zsh_history",
  "SymlinkFile": "",
  "Commit": "f4b99e7acd9aaaba89fec4848dc854583f134f5d",
  "Link": "https://github.com/eapolinario/dotfiles/blob/f4b99e7acd9aaaba89fec4848dc854583f134f5d/source_files/.zsh_history#L7984",
  "Entropy": 3.7037017,
  "Author": "eapolinario",
  "Email": "eapolinario@lyft.com",
  "Date": "2020-02-10T02:13:15Z",
  "Message": "add zsh dotfiles",
  "Tags": [],
  "Fingerprint": "f4b99e7acd9aaaba89fec4848dc854583f134f5d:source_files/.zsh_history:sourcegraph-access-token:7984"
 },
 {
  "RuleID": "sourcegraph-access-token",
  "Description": "Sourcegraph is a code search and navigation engine.",
  "StartLine": 7985,
  "EndLine": 7985,
  "StartColumn": 26,
  "EndColumn": 65,
  "Match": "REDACTED",
  "Secret": "REDACTED",
  "File": "source_files/.zsh_history",
  "SymlinkFile": "",
  "Commit": "f4b99e7acd9aaaba89fec4848dc854583f134f5d",
  "Link": "https://github.com/eapolinario/dotfiles/blob/f4b99e7acd9aaaba89fec4848dc854583f134f5d/source_files/.zsh_history#L7985",
  "Entropy": 3.7537017,
  "Author": "eapolinario",
  "Email": "eapolinario@lyft.com",
  "Date": "2020-02-10T02:13:15Z",
  "Message": "add zsh dotfiles",
  "Tags": [],
  "Fingerprint": "f4b99e7acd9aaaba89fec4848dc854583f134f5d:source_files/.zsh_history:sourcegraph-access-token:7985"
 },
 {
  "RuleID": "sourcegraph-access-token",
  "Description": "Sourcegraph is a code search and navigation engine.",
  "StartLine": 7986,
  "EndLine": 7986,
  "StartColumn": 26,
  "EndColumn": 65,
  "Match": "REDACTED",
  "Secret": "REDACTED",
  "File": "source_files/.zsh_history",
  "SymlinkFile": "",
  "Commit": "f4b99e7acd9aaaba89fec4848dc854583f134f5d",
  "Link": "https://github.com/eapolinario/dotfiles/blob/f4b99e7acd9aaaba89fec4848dc854583f134f5d/source_files/.zsh_history#L7986",
  "Entropy": 3.7653115,
  "Author": "eapolinario",
  "Email": "eapolinario@lyft.com",
  "Date": "2020-02-10T02:13:15Z",
  "Message": "add zsh dotfiles",
  "Tags": [],
  "Fingerprint": "f4b99e7acd9aaaba89fec4848dc854583f134f5d:source_files/.zsh_history:sourcegraph-access-token:7986"
 },
 {
  "RuleID": "sourcegraph-access-token",
  "Description": "Sourcegraph is a code search and navigation engine.",
  "StartLine": 8177,
  "EndLine": 8177,
  "StartColumn": 26,
  "EndColumn": 65,
  "Match": "REDACTED",
  "Secret": "REDACTED",
  "File": "source_files/.zsh_history",
  "SymlinkFile": "",
  "Commit": "f4b99e7acd9aaaba89fec4848dc854583f134f5d",
  "Link": "https://github.com/eapolinario/dotfiles/blob/f4b99e7acd9aaaba89fec4848dc854583f134f5d/source_files/.zsh_history#L8177",
  "Entropy": 3.6649113,
  "Author": "eapolinario",
  "Email": "eapolinario@lyft.com",
  "Date": "2020-02-10T02:13:15Z",
  "Message": "add zsh dotfiles",
  "Tags": [],
  "Fingerprint": "f4b99e7acd9aaaba89fec4848dc854583f134f5d:source_files/.zsh_history:sourcegraph-access-token:8177"
 },
 {
  "RuleID": "sourcegraph-access-token",
  "Description": "Sourcegraph is a code search and navigation engine.",
  "StartLine": 8242,
  "EndLine": 8242,
  "StartColumn": 26,
  "EndColumn": 65,
  "Match": "REDACTED",
  "Secret": "REDACTED",
  "File": "source_files/.zsh_history",
  "SymlinkFile": "",
  "Commit": "f4b99e7acd9aaaba89fec4848dc854583f134f5d",
  "Link": "https://github.com/eapolinario/dotfiles/blob/f4b99e7acd9aaaba89fec4848dc854583f134f5d/source_files/.zsh_history#L8242",
  "Entropy": 3.7898228,
  "Author": "eapolinario",
  "Email": "eapolinario@lyft.com",
  "Date": "2020-02-10T02:13:15Z",
  "Message": "add zsh dotfiles",
  "Tags": [],
  "Fingerprint": "f4b99e7acd9aaaba89fec4848dc854583f134f5d:source_files/.zsh_history:sourcegraph-access-token:8242"
 },
 {
  "RuleID": "sourcegraph-access-token",
  "Description": "Sourcegraph is a code search and navigation engine.",
  "StartLine": 8243,
  "EndLine": 8243,
  "StartColumn": 26,
  "EndColumn": 66,
  "Match": "REDACTED ",
  "Secret": "REDACTED",
  "File": "source_files/.zsh_history",
  "SymlinkFile": "",
  "Commit": "f4b99e7acd9aaaba89fec4848dc854583f134f5d",
  "Link": "https://github.com/eapolinario/dotfiles/blob/f4b99e7acd9aaaba89fec4848dc854583f134f5d/source_files/.zsh_history#L8243",
  "Entropy": 3.7898228,
  "Author": "eapolinario",
  "Email": "eapolinario@lyft.com",
  "Date": "2020-02-10T02:13:15Z",
  "Message": "add zsh dotfiles",
  "Tags": [],
  "Fingerprint": "f4b99e7acd9aaaba89fec4848dc854583f134f5d:source_files/.zsh_history:sourcegraph-access-token:8243"
 },
 {
  "RuleID": "sourcegraph-access-token",
  "Description": "Sourcegraph is a code search and navigation engine.",
  "StartLine": 8244,
  "EndLine": 8244,
  "StartColumn": 26,
  "EndColumn": 66,
  "Match": "REDACTED ",
  "Secret": "REDACTED",
  "File": "source_files/.zsh_history",
  "SymlinkFile": "",
  "Commit": "f4b99e7acd9aaaba89fec4848dc854583f134f5d",
  "Link": "https://github.com/eapolinario/dotfiles/blob/f4b99e7acd9aaaba89fec4848dc854583f134f5d/source_files/.zsh_history#L8244",
  "Entropy": 3.787326,
  "Author": "eapolinario",
  "Email": "eapolinario@lyft.com",
  "Date": "2020-02-10T02:13:15Z",
  "Message": "add zsh dotfiles",
  "Tags": [],
  "Fingerprint": "f4b99e7acd9aaaba89fec4848dc854583f134f5d:source_files/.zsh_history:sourcegraph-access-token:8244"
 },
 {
  "RuleID": "sourcegraph-access-token",
  "Description": "Sourcegraph is a code search and navigation engine.",
  "StartLine": 8245,
  "EndLine": 8245,
  "StartColumn": 26,
  "EndColumn": 66,
  "Match": "REDACTED ",
  "Secret": "REDACTED",
  "File": "source_files/.zsh_history",
  "SymlinkFile": "",
  "Commit": "f4b99e7acd9aaaba89fec4848dc854583f134f5d",
  "Link": "https://github.com/eapolinario/dotfiles/blob/f4b99e7acd9aaaba89fec4848dc854583f134f5d/source_files/.zsh_history#L8245",
  "Entropy": 3.7898228,
  "Author": "eapolinario",
  "Email": "eapolinario@lyft.com",
  "Date": "2020-02-10T02:13:15Z",
  "Message": "add zsh dotfiles",
  "Tags": [],
  "Fingerprint": "f4b99e7acd9aaaba89fec4848dc854583f134f5d:source_files/.zsh_history:sourcegraph-access-token:8245"
 },
 {
  "RuleID": "sourcegraph-access-token",
  "Description": "Sourcegraph is a code search and navigation engine.",
  "StartLine": 8246,
  "EndLine": 8246,
  "StartColumn": 26,
  "EndColumn": 66,
  "Match": "REDACTED ",
  "Secret": "REDACTED",
  "File": "source_files/.zsh_history",
  "SymlinkFile": "",
  "Commit": "f4b99e7acd9aaaba89fec4848dc854583f134f5d",
  "Link": "https://github.com/eapolinario/dotfiles/blob/f4b99e7acd9aaaba89fec4848dc854583f134f5d/source_files/.zsh_history#L8246",
  "Entropy": 3.6373262,
  "Author": "eapolinario",
  "Email": "eapolinario@lyft.com",
  "Date": "2020-02-10T02:13:15Z",
  "Message": "add zsh dotfiles",
  "Tags": [],
  "Fingerprint": "f4b99e7acd9aaaba89fec4848dc854583f134f5d:source_files/.zsh_history:sourcegraph-access-token:8246"
 },
 {
  "RuleID": "sourcegraph-access-token",
  "Description": "Sourcegraph is a code search and navigation engine.",
  "StartLine": 8247,
  "EndLine": 8247,
  "StartColumn": 26,
  "EndColumn": 66,
  "Match": "REDACTED ",
  "Secret": "REDACTED",
  "File": "source_files/.zsh_history",
  "SymlinkFile": "",
  "Commit": "f4b99e7acd9aaaba89fec4848dc854583f134f5d",
  "Link": "https://github.com/eapolinario/dotfiles/blob/f4b99e7acd9aaaba89fec4848dc854583f134f5d/source_files/.zsh_history#L8247",
  "Entropy": 3.808695,
  "Author": "eapolinario",
  "Email": "eapolinario@lyft.com",
  "Date": "2020-02-10T02:13:15Z",
  "Message": "add zsh dotfiles",
  "Tags": [],
  "Fingerprint": "f4b99e7acd9aaaba89fec4848dc854583f134f5d:source_files/.zsh_history:sourcegraph-access-token:8247"
 },
 {
  "RuleID": "sourcegraph-access-token",
  "Description": "Sourcegraph is a code search and navigation engine.",
  "StartLine": 8248,
  "EndLine": 8248,
  "StartColumn": 26,
  "EndColumn": 66,
  "Match": "REDACTED ",
  "Secret": "REDACTED",
  "File": "source_files/.zsh_history",
  "SymlinkFile": "",
  "Commit": "f4b99e7acd9aaaba89fec4848dc854583f134f5d",
  "Link": "https://github.com/eapolinario/dotfiles/blob/f4b99e7acd9aaaba89fec4848dc854583f134f5d/source_files/.zsh_history#L8248",
  "Entropy": 3.368454,
  "Author": "eapolinario",
  "Email": "eapolinario@lyft.com",
  "Date": "2020-02-10T02:13:15Z",
  "Message": "add zsh dotfiles",
  "Tags": [],
  "Fingerprint": "f4b99e7acd9aaaba89fec4848dc854583f134f5d:source_files/.zsh_history:sourcegraph-access-token:8248"
 },
 {
  "RuleID": "sourcegraph-access-token",
  "Description": "Sourcegraph is a code search and navigation engine.",
  "StartLine": 8249,
  "EndLine": 8249,
  "StartColumn": 26,
  "EndColumn": 66,
  "Match": "REDACTED ",
  "Secret": "REDACTED",
  "File": "source_files/.zsh_history",
  "SymlinkFile": "",
  "Commit": "f4b99e7acd9aaaba89fec4848dc854583f134f5d",
  "Link": "https://github.com/eapolinario/dotfiles/blob/f4b99e7acd9aaaba89fec4848dc854583f134f5d/source_files/.zsh_history#L8249",
  "Entropy": 3.368454,
  "Author": "eapolinario",
  "Email": "eapolinario@lyft.com",
  "Date": "2020-02-10T02:13:15Z",
  "Message": "add zsh dotfiles",
  "Tags": [],
  "Fingerprint": "f4b99e7acd9aaaba89fec4848dc854583f134f5d:source_files/.zsh_history:sourcegraph-access-token:8249"
 },
 {
  "RuleID": "sourcegraph-access-token",
  "Description": "Sourcegraph is a code search and navigation engine.",
  "StartLine": 8250,
  "EndLine": 8250,
  "StartColumn": 26,
  "EndColumn": 66,
  "Match": "REDACTED ",
  "Secret": "REDACTED",
  "File": "source_files/.zsh_history",
  "SymlinkFile": "",
  "Commit": "f4b99e7acd9aaaba89fec4848dc854583f134f5d",
  "Link": "https://github.com/eapolinario/dotfiles/blob/f4b99e7acd9aaaba89fec4848dc854583f134f5d/source_files/.zsh_history#L8250",
  "Entropy": 3.8750706,
  "Author": "eapolinario",
  "Email": "eapolinario@lyft.com",
  "Date": "2020-02-10T02:13:15Z",
  "Message": "add zsh dotfiles",
  "Tags": [],
  "Fingerprint": "f4b99e7acd9aaaba89fec4848dc854583f134f5d:source_files/.zsh_history:sourcegraph-access-token:8250"
 },
 {
  "RuleID": "sourcegraph-access-token",
  "Description": "Sourcegraph is a code search and navigation engine.",
  "StartLine": 8465,
  "EndLine": 8465,
  "StartColumn": 26,
  "EndColumn": 66,
  "Match": "REDACTED ",
  "Secret": "REDACTED",
  "File": "source_files/.zsh_history",
  "SymlinkFile": "",
  "Commit": "f4b99e7acd9aaaba89fec4848dc854583f134f5d",
  "Link": "https://github.com/eapolinario/dotfiles/blob/f4b99e7acd9aaaba89fec4848dc854583f134f5d/source_files/.zsh_history#L8465",
  "Entropy": 3.8464394,
  "Author": "eapolinario",
  "Email": "eapolinario@lyft.com",
  "Date": "2020-02-10T02:13:15Z",
  "Message": "add zsh dotfiles",
  "Tags": [],
  "Fingerprint": "f4b99e7acd9aaaba89fec4848dc854583f134f5d:source_files/.zsh_history:sourcegraph-access-token:8465"
 },
 {
  "RuleID": "sourcegraph-access-token",
  "Description": "Sourcegraph is a code search and navigation engine.",
  "StartLine": 8466,
  "EndLine": 8466,
  "StartColumn": 33,
  "EndColumn": 73,
  "Match": "REDACTED ",
  "Secret": "REDACTED",
  "File": "source_files/.zsh_history",
  "SymlinkFile": "",
  "Commit": "f4b99e7acd9aaaba89fec4848dc854583f134f5d",
  "Link": "https://github.com/eapolinario/dotfiles/blob/f4b99e7acd9aaaba89fec4848dc854583f134f5d/source_files/.zsh_history#L8466",
  "Entropy": 3.8464394,
  "Author": "eapolinario",
  "Email": "eapolinario@lyft.com",
  "Date": "2020-02-10T02:13:15Z",
  "Message": "add zsh dotfiles",
  "Tags": [],
  "Fingerprint": "f4b99e7acd9aaaba89fec4848dc854583f134f5d:source_files/.zsh_history:sourcegraph-access-token:8466"
 },
 {
  "RuleID": "sourcegraph-access-token",
  "Description": "Sourcegraph is a code search and navigation engine.",
  "StartLine": 8665,
  "EndLine": 8665,
  "StartColumn": 28,
  "EndColumn": 67,
  "Match": "REDACTED",
  "Secret": "REDACTED",
  "File": "source_files/.zsh_history",
  "SymlinkFile": "",
  "Commit": "f4b99e7acd9aaaba89fec4848dc854583f134f5d",
  "Link": "https://github.com/eapolinario/dotfiles/blob/f4b99e7acd9aaaba89fec4848dc854583f134f5d/source_files/.zsh_history#L8665",
  "Entropy": 3.6470852,
  "Author": "eapolinario",
  "Email": "eapolinario@lyft.com",
  "Date": "2020-02-10T02:13:15Z",
  "Message": "add zsh dotfiles",
  "Tags": [],
  "Fingerprint": "f4b99e7acd9aaaba89fec4848dc854583f134f5d:source_files/.zsh_history:sourcegraph-access-token:8665"
 },
 {
  "RuleID": "sourcegraph-access-token",
  "Description": "Sourcegraph is a code search and navigation engine.",
  "StartLine": 8863,
  "EndLine": 8863,
  "StartColumn": 26,
  "EndColumn": 65,
  "Match": "REDACTED",
  "Secret": "REDACTED",
  "File": "source_files/.zsh_history",
  "SymlinkFile": "",
  "Commit": "f4b99e7acd9aaaba89fec4848dc854583f134f5d",
  "Link": "https://github.com/eapolinario/dotfiles/blob/f4b99e7acd9aaaba89fec4848dc854583f134f5d/source_files/.zsh_history#L8863",
  "Entropy": 3.7561984,
  "Author": "eapolinario",
  "Email": "eapolinario@lyft.com",
  "Date": "2020-02-10T02:13:15Z",
  "Message": "add zsh dotfiles",
  "Tags": [],
  "Fingerprint": "f4b99e7acd9aaaba89fec4848dc854583f134f5d:source_files/.zsh_history:sourcegraph-access-token:8863"
 },
 {
  "RuleID": "sourcegraph-access-token",
  "Description": "Sourcegraph is a code search and navigation engine.",
  "StartLine": 8864,
  "EndLine": 8864,
  "StartColumn": 26,
  "EndColumn": 65,
  "Match": "REDACTED",
  "Secret": "REDACTED",
  "File": "source_files/.zsh_history",
  "SymlinkFile": "",
  "Commit": "f4b99e7acd9aaaba89fec4848dc854583f134f5d",
  "Link": "https://github.com/eapolinario/dotfiles/blob/f4b99e7acd9aaaba89fec4848dc854583f134f5d/source_files/.zsh_history#L8864",
  "Entropy": 3.808695,
  "Author": "eapolinario",
  "Email": "eapolinario@lyft.com",
  "Date": "2020-02-10T02:13:15Z",
  "Message": "add zsh dotfiles",
  "Tags": [],
  "Fingerprint": "f4b99e7acd9aaaba89fec4848dc854583f134f5d:source_files/.zsh_history:sourcegraph-access-token:8864"
 },
 {
  "RuleID": "sourcegraph-access-token",
  "Description": "Sourcegraph is a code search and navigation engine.",
  "StartLine": 8865,
  "EndLine": 8865,
  "StartColumn": 26,
  "EndColumn": 65,
  "Match": "REDACTED",
  "Secret": "REDACTED",
  "File": "source_files/.zsh_history",
  "SymlinkFile": "",
  "Commit": "f4b99e7acd9aaaba89fec4848dc854583f134f5d",
  "Link": "https://github.com/eapolinario/dotfiles/blob/f4b99e7acd9aaaba89fec4848dc854583f134f5d/source_files/.zsh_history#L8865",
  "Entropy": 3.837326,
  "Author": "eapolinario",
  "Email": "eapolinario@lyft.com",
  "Date": "2020-02-10T02:13:15Z",
  "Message": "add zsh dotfiles",
  "Tags": [],
  "Fingerprint": "f4b99e7acd9aaaba89fec4848dc854583f134f5d:source_files/.zsh_history:sourcegraph-access-token:8865"
 },
 {
  "RuleID": "sourcegraph-access-token",
  "Description": "Sourcegraph is a code search and navigation engine.",
  "StartLine": 8866,
  "EndLine": 8866,
  "StartColumn": 26,
  "EndColumn": 65,
  "Match": "REDACTED",
  "Secret": "REDACTED",
  "File": "source_files/.zsh_history",
  "SymlinkFile": "",
  "Commit": "f4b99e7acd9aaaba89fec4848dc854583f134f5d",
  "Link": "https://github.com/eapolinario/dotfiles/blob/f4b99e7acd9aaaba89fec4848dc854583f134f5d/source_files/.zsh_history#L8866",
  "Entropy": 3.6750705,
  "Author": "eapolinario",
  "Email": "eapolinario@lyft.com",
  "Date": "2020-02-10T02:13:15Z",
  "Message": "add zsh dotfiles",
  "Tags": [],
  "Fingerprint": "f4b99e7acd9aaaba89fec4848dc854583f134f5d:source_files/.zsh_history:sourcegraph-access-token:8866"
 },
 {
  "RuleID": "sourcegraph-access-token",
  "Description": "Sourcegraph is a code search and navigation engine.",
  "StartLine": 8968,
  "EndLine": 8968,
  "StartColumn": 26,
  "EndColumn": 65,
  "Match": "REDACTED",
  "Secret": "REDACTED",
  "File": "source_files/.zsh_history",
  "SymlinkFile": "",
  "Commit": "f4b99e7acd9aaaba89fec4848dc854583f134f5d",
  "Link": "https://github.com/eapolinario/dotfiles/blob/f4b99e7acd9aaaba89fec4848dc854583f134f5d/source_files/.zsh_history#L8968",
  "Entropy": 3.7439427,
  "Author": "eapolinario",
  "Email": "eapolinario@lyft.com",
  "Date": "2020-02-10T02:13:15Z",
  "Message": "add zsh dotfiles",
  "Tags": [],
  "Fingerprint": "f4b99e7acd9aaaba89fec4848dc854583f134f5d:source_files/.zsh_history:sourcegraph-access-token:8968"
 },
 {
  "RuleID": "sourcegraph-access-token",
  "Description": "Sourcegraph is a code search and navigation engine.",
  "StartLine": 8970,
  "EndLine": 8970,
  "StartColumn": 26,
  "EndColumn": 65,
  "Match": "REDACTED",
  "Secret": "REDACTED",
  "File": "source_files/.zsh_history",
  "SymlinkFile": "",
  "Commit": "f4b99e7acd9aaaba89fec4848dc854583f134f5d",
  "Link": "https://github.com/eapolinario/dotfiles/blob/f4b99e7acd9aaaba89fec4848dc854583f134f5d/source_files/.zsh_history#L8970",
  "Entropy": 3.7439427,
  "Author": "eapolinario",
  "Email": "eapolinario@lyft.com",
  "Date": "2020-02-10T02:13:15Z",
  "Message": "add zsh dotfiles",
  "Tags": [],
  "Fingerprint": "f4b99e7acd9aaaba89fec4848dc854583f134f5d:source_files/.zsh_history:sourcegraph-access-token:8970"
 },
 {
  "RuleID": "sourcegraph-access-token",
  "Description": "Sourcegraph is a code search and navigation engine.",
  "StartLine": 9216,
  "EndLine": 9216,
  "StartColumn": 100,
  "EndColumn": 139,
  "Match": "REDACTED",
  "Secret": "REDACTED",
  "File": "source_files/.zsh_history",
  "SymlinkFile": "",
  "Commit": "f4b99e7acd9aaaba89fec4848dc854583f134f5d",
  "Link": "https://github.com/eapolinario/dotfiles/blob/f4b99e7acd9aaaba89fec4848dc854583f134f5d/source_files/.zsh_history#L9216",
  "Entropy": 3.6439426,
  "Author": "eapolinario",
  "Email": "eapolinario@lyft.com",
  "Date": "2020-02-10T02:13:15Z",
  "Message": "add zsh dotfiles",
  "Tags": [],
  "Fingerprint": "f4b99e7acd9aaaba89fec4848dc854583f134f5d:source_files/.zsh_history:sourcegraph-access-token:9216"
 },
 {
  "RuleID": "sourcegraph-access-token",
  "Description": "Sourcegraph is a code search and navigation engine.",
  "StartLine": 9217,
  "EndLine": 9217,
  "StartColumn": 89,
  "EndColumn": 128,
  "Match": "REDACTED",
  "Secret": "REDACTED",
  "File": "source_files/.zsh_history",
  "SymlinkFile": "",
  "Commit": "f4b99e7acd9aaaba89fec4848dc854583f134f5d",
  "Link": "https://github.com/eapolinario/dotfiles/blob/f4b99e7acd9aaaba89fec4848dc854583f134f5d/source_files/.zsh_history#L9217",
  "Entropy": 3.6439426,
  "Author": "eapolinario",
  "Email": "eapolinario@lyft.com",
  "Date": "2020-02-10T02:13:15Z",
  "Message": "add zsh dotfiles",
  "Tags": [],
  "Fingerprint": "f4b99e7acd9aaaba89fec4848dc854583f134f5d:source_files/.zsh_history:sourcegraph-access-token:9217"
 },
 {
  "RuleID": "sourcegraph-access-token",
  "Description": "Sourcegraph is a code search and navigation engine.",
  "StartLine": 9224,
  "EndLine": 9224,
  "StartColumn": 87,
  "EndColumn": 126,
  "Match": "REDACTED",
  "Secret": "REDACTED",
  "File": "source_files/.zsh_history",
  "SymlinkFile": "",
  "Commit": "f4b99e7acd9aaaba89fec4848dc854583f134f5d",
  "Link": "https://github.com/eapolinario/dotfiles/blob/f4b99e7acd9aaaba89fec4848dc854583f134f5d/source_files/.zsh_history#L9224",
  "Entropy": 3.6439426,
  "Author": "eapolinario",
  "Email": "eapolinario@lyft.com",
  "Date": "2020-02-10T02:13:15Z",
  "Message": "add zsh dotfiles",
  "Tags": [],
  "Fingerprint": "f4b99e7acd9aaaba89fec4848dc854583f134f5d:source_files/.zsh_history:sourcegraph-access-token:9224"
 },
 {
  "RuleID": "sourcegraph-access-token",
  "Description": "Sourcegraph is a code search and navigation engine.",
  "StartLine": 9491,
  "EndLine": 9491,
  "StartColumn": 46,
  "EndColumn": 85,
  "Match": "REDACTED",
  "Secret": "REDACTED",
  "File": "source_files/.zsh_history",
  "SymlinkFile": "",
  "Commit": "f4b99e7acd9aaaba89fec4848dc854583f134f5d",
  "Link": "https://github.com/eapolinario/dotfiles/blob/f4b99e7acd9aaaba89fec4848dc854583f134f5d/source_files/.zsh_history#L9491",
  "Entropy": 3.5526557,
  "Author": "eapolinario",
  "Email": "eapolinario@lyft.com",
  "Date": "2020-02-10T02:13:15Z",
  "Message": "add zsh dotfiles",
  "Tags": [],
  "Fingerprint": "f4b99e7acd9aaaba89fec4848dc854583f134f5d:source_files/.zsh_history:sourcegraph-access-token:9491"
 }
]
